Archive member included to satisfy reference by file (symbol)

c:/altera/16.0/nios2eds/bin/gnu/h-x86_64-mingw32/bin/../lib/gcc/nios2-elf/5.2.0/../../../../../H-x86_64-mingw32/nios2-elf/lib/mhw-mulx\libc.a(lib_a-memcpy.o)
                              obj/default/seven_seg_hex.o (memcpy)
C:/Users/thomas.oakes/Documents/FPGA/InterruptsNIOS_bsp/\libhal_bsp.a(alt_irq_register.o)
                              obj/default/InterruptDemo.o (alt_irq_register)
C:/Users/thomas.oakes/Documents/FPGA/InterruptsNIOS_bsp/\libhal_bsp.a(alt_irq_vars.o)
                              C:/Users/thomas.oakes/Documents/FPGA/InterruptsNIOS_bsp/\libhal_bsp.a(alt_irq_register.o) (alt_irq_active)
C:/Users/thomas.oakes/Documents/FPGA/InterruptsNIOS_bsp/\libhal_bsp.a(alt_load.o)
                              C:/Users/thomas.oakes/Documents/FPGA/InterruptsNIOS_bsp//obj/HAL/src/crt0.o (alt_load)
C:/Users/thomas.oakes/Documents/FPGA/InterruptsNIOS_bsp/\libhal_bsp.a(alt_main.o)
                              C:/Users/thomas.oakes/Documents/FPGA/InterruptsNIOS_bsp//obj/HAL/src/crt0.o (alt_main)
C:/Users/thomas.oakes/Documents/FPGA/InterruptsNIOS_bsp/\libhal_bsp.a(alt_sys_init.o)
                              C:/Users/thomas.oakes/Documents/FPGA/InterruptsNIOS_bsp/\libhal_bsp.a(alt_main.o) (alt_irq_init)
C:/Users/thomas.oakes/Documents/FPGA/InterruptsNIOS_bsp/\libhal_bsp.a(altera_avalon_jtag_uart_fd.o)
                              C:/Users/thomas.oakes/Documents/FPGA/InterruptsNIOS_bsp/\libhal_bsp.a(alt_sys_init.o) (altera_avalon_jtag_uart_read_fd)
C:/Users/thomas.oakes/Documents/FPGA/InterruptsNIOS_bsp/\libhal_bsp.a(altera_avalon_jtag_uart_init.o)
                              C:/Users/thomas.oakes/Documents/FPGA/InterruptsNIOS_bsp/\libhal_bsp.a(alt_sys_init.o) (altera_avalon_jtag_uart_init)
C:/Users/thomas.oakes/Documents/FPGA/InterruptsNIOS_bsp/\libhal_bsp.a(altera_avalon_jtag_uart_ioctl.o)
                              C:/Users/thomas.oakes/Documents/FPGA/InterruptsNIOS_bsp/\libhal_bsp.a(altera_avalon_jtag_uart_fd.o) (altera_avalon_jtag_uart_ioctl)
C:/Users/thomas.oakes/Documents/FPGA/InterruptsNIOS_bsp/\libhal_bsp.a(altera_avalon_jtag_uart_read.o)
                              C:/Users/thomas.oakes/Documents/FPGA/InterruptsNIOS_bsp/\libhal_bsp.a(altera_avalon_jtag_uart_fd.o) (altera_avalon_jtag_uart_read)
C:/Users/thomas.oakes/Documents/FPGA/InterruptsNIOS_bsp/\libhal_bsp.a(altera_avalon_jtag_uart_write.o)
                              C:/Users/thomas.oakes/Documents/FPGA/InterruptsNIOS_bsp/\libhal_bsp.a(altera_avalon_jtag_uart_fd.o) (altera_avalon_jtag_uart_write)
C:/Users/thomas.oakes/Documents/FPGA/InterruptsNIOS_bsp/\libhal_bsp.a(altera_avalon_timer_sc.o)
                              C:/Users/thomas.oakes/Documents/FPGA/InterruptsNIOS_bsp/\libhal_bsp.a(alt_sys_init.o) (alt_avalon_timer_sc_init)
C:/Users/thomas.oakes/Documents/FPGA/InterruptsNIOS_bsp/\libhal_bsp.a(altera_up_avalon_character_lcd.o)
                              C:/Users/thomas.oakes/Documents/FPGA/InterruptsNIOS_bsp/\libhal_bsp.a(alt_sys_init.o) (alt_up_character_lcd_init)
C:/Users/thomas.oakes/Documents/FPGA/InterruptsNIOS_bsp/\libhal_bsp.a(altera_up_avalon_irda.o)
                              C:/Users/thomas.oakes/Documents/FPGA/InterruptsNIOS_bsp/\libhal_bsp.a(alt_sys_init.o) (alt_up_irda_read_fd)
C:/Users/thomas.oakes/Documents/FPGA/InterruptsNIOS_bsp/\libhal_bsp.a(altera_up_avalon_ps2.o)
                              C:/Users/thomas.oakes/Documents/FPGA/InterruptsNIOS_bsp/\libhal_bsp.a(alt_sys_init.o) (alt_up_ps2_init)
C:/Users/thomas.oakes/Documents/FPGA/InterruptsNIOS_bsp/\libhal_bsp.a(altera_up_avalon_rs232.o)
                              C:/Users/thomas.oakes/Documents/FPGA/InterruptsNIOS_bsp/\libhal_bsp.a(alt_sys_init.o) (alt_up_rs232_read_fd)
C:/Users/thomas.oakes/Documents/FPGA/InterruptsNIOS_bsp/\libhal_bsp.a(alt_alarm_start.o)
                              C:/Users/thomas.oakes/Documents/FPGA/InterruptsNIOS_bsp/\libhal_bsp.a(altera_avalon_jtag_uart_init.o) (alt_alarm_start)
C:/Users/thomas.oakes/Documents/FPGA/InterruptsNIOS_bsp/\libhal_bsp.a(alt_close.o)
                              C:/Users/thomas.oakes/Documents/FPGA/InterruptsNIOS_bsp/\libhal_bsp.a(alt_main.o) (close)
C:/Users/thomas.oakes/Documents/FPGA/InterruptsNIOS_bsp/\libhal_bsp.a(alt_dcache_flush_all.o)
                              C:/Users/thomas.oakes/Documents/FPGA/InterruptsNIOS_bsp/\libhal_bsp.a(alt_load.o) (alt_dcache_flush_all)
C:/Users/thomas.oakes/Documents/FPGA/InterruptsNIOS_bsp/\libhal_bsp.a(alt_dev.o)
                              C:/Users/thomas.oakes/Documents/FPGA/InterruptsNIOS_bsp/\libhal_bsp.a(alt_sys_init.o) (alt_dev_list)
C:/Users/thomas.oakes/Documents/FPGA/InterruptsNIOS_bsp/\libhal_bsp.a(alt_dev_llist_insert.o)
                              C:/Users/thomas.oakes/Documents/FPGA/InterruptsNIOS_bsp/\libhal_bsp.a(alt_sys_init.o) (alt_dev_llist_insert)
[...]
Memory Configuration

Name             Origin             Length             Attributes
reset            0x0000000000000000 0x0000000000000020
SDRAM            0x0000000000000020 0x0000000003ffffe0
VGA_Subsystem_Char_Buf_Subsystem_Onchip_SRAM 0x0000000009000000 0x0000000000002000
*default*        0x0000000000000000 0xffffffffffffffff

Linker script and memory map

LOAD C:/Users/thomas.oakes/Documents/FPGA/InterruptsNIOS_bsp//obj/HAL/src/crt0.o
LOAD obj/default/HexDisplay.o
LOAD obj/default/InterruptDemo.o
LOAD obj/default/buttonISR.o
LOAD obj/default/lcd.o
LOAD obj/default/seven_seg_bcd.o
LOAD obj/default/seven_seg_hex.o
LOAD obj/default/timerISR.o
LOAD c:/altera/16.0/nios2eds/bin/gnu/h-x86_64-mingw32/bin/../lib/gcc/nios2-elf/5.2.0/../../../../../H-x86_64-mingw32/nios2-elf/lib/mhw-mulx\libstdc++.a
LOAD c:/altera/16.0/nios2eds/bin/gnu/h-x86_64-mingw32/bin/../lib/gcc/nios2-elf/5.2.0/../../../../../H-x86_64-mingw32/nios2-elf/lib/mhw-mulx\libm.a
LOAD c:/altera/16.0/nios2eds/bin/gnu/h-x86_64-mingw32/bin/../lib/gcc/nios2-elf/5.2.0/mhw-mulx\libgcc.a
START GROUP
LOAD c:/altera/16.0/nios2eds/bin/gnu/h-x86_64-mingw32/bin/../lib/gcc/nios2-elf/5.2.0/../../../../../H-x86_64-mingw32/nios2-elf/lib/mhw-mulx\libc.a
LOAD c:/altera/16.0/nios2eds/bin/gnu/h-x86_64-mingw32/bin/../lib/gcc/nios2-elf/5.2.0/mhw-mulx\libgcc.a
LOAD C:/Users/thomas.oakes/Documents/FPGA/InterruptsNIOS_bsp/\libhal_bsp.a
LOAD c:/altera/16.0/nios2eds/bin/gnu/h-x86_64-mingw32/bin/../lib/gcc/nios2-elf/5.2.0/../../../../../H-x86_64-mingw32/nios2-elf/lib/mhw-mulx\libm.a
END GROUP
LOAD c:/altera/16.0/nios2eds/bin/gnu/h-x86_64-mingw32/bin/../lib/gcc/nios2-elf/5.2.0/mhw-mulx\libgcc.a
                0x0000000000000000                __alt_mem_SDRAM = 0x0
                0x0000000009000000                __alt_mem_VGA_Subsystem_Char_Buf_Subsystem_Onchip_SRAM = 0x9000000

.entry          0x0000000000000000       0x20
 *(.entry)
 .entry         0x0000000000000000       0x20 C:/Users/thomas.oakes/Documents/FPGA/InterruptsNIOS_bsp//obj/HAL/src/crt0.o
                0x0000000000000000                __reset

.exceptions     0x0000000000000020      0x228
                0x0000000000000020                PROVIDE (__ram_exceptions_start, ABSOLUTE (.))
                0x0000000000000020                . = ALIGN (0x20)
 *(.irq)
 *(.exceptions.entry.label)
 .exceptions.entry.label
                0x0000000000000020        0x0 C:/Users/thomas.oakes/Documents/FPGA/InterruptsNIOS_bsp/\libhal_bsp.a(alt_irq_entry.o)
                0x0000000000000020                alt_irq_entry
 .exceptions.entry.label
                0x0000000000000020        0x0 C:/Users/thomas.oakes/Documents/FPGA/InterruptsNIOS_bsp/\libhal_bsp.a(alt_exception_entry.o)
                0x0000000000000020                alt_exception
 *(.exceptions.entry.user)
 *(.exceptions.entry.ecc_fatal)
 *(.exceptions.entry)
 .exceptions.entry
                0x0000000000000020       0x54 C:/Users/thomas.oakes/Documents/FPGA/InterruptsNIOS_bsp/\libhal_bsp.a(alt_exception_entry.o)
 *(.exceptions.irqtest.user)
 *(.exceptions.irqtest)
 .exceptions.irqtest
                0x0000000000000074       0x10 C:/Users/thomas.oakes/Documents/FPGA/InterruptsNIOS_bsp/\libhal_bsp.a(alt_irq_entry.o)
 *(.exceptions.irqhandler.user)
 *(.exceptions.irqhandler)
 .exceptions.irqhandler
                0x0000000000000084        0x4 C:/Users/thomas.oakes/Documents/FPGA/InterruptsNIOS_bsp/\libhal_bsp.a(alt_irq_entry.o)
 *(.exceptions.irqreturn.user)
 *(.exceptions.irqreturn)
 .exceptions.irqreturn
                0x0000000000000088        0x4 C:/Users/thomas.oakes/Documents/FPGA/InterruptsNIOS_bsp/\libhal_bsp.a(alt_irq_entry.o)
 *(.exceptions.notirq.label)
 .exceptions.notirq.label
                0x000000000000008c        0x0 C:/Users/thomas.oakes/Documents/FPGA/InterruptsNIOS_bsp/\libhal_bsp.a(alt_irq_entry.o)
 *(.exceptions.notirq.user)
 *(.exceptions.notirq)
 .exceptions.notirq
                0x000000000000008c        0x8 C:/Users/thomas.oakes/Documents/FPGA/InterruptsNIOS_bsp/\libhal_bsp.a(alt_exception_entry.o)
 *(.exceptions.soft.user)
 *(.exceptions.soft)
 *(.exceptions.unknown.user)
 *(.exceptions.unknown)
 .exceptions.unknown
                0x0000000000000094       0x14 C:/Users/thomas.oakes/Documents/FPGA/InterruptsNIOS_bsp/\libhal_bsp.a(alt_exception_entry.o)
 *(.exceptions.exit.label)
 .exceptions.exit.label
                0x00000000000000a8        0x0 C:/Users/thomas.oakes/Documents/FPGA/InterruptsNIOS_bsp/\libhal_bsp.a(alt_irq_entry.o)
 .exceptions.exit.label
                0x00000000000000a8        0x0 C:/Users/thomas.oakes/Documents/FPGA/InterruptsNIOS_bsp/\libhal_bsp.a(alt_exception_entry.o)
 *(.exceptions.exit.user)
 *(.exceptions.exit)
 .exceptions.exit
                0x00000000000000a8       0x54 C:/Users/thomas.oakes/Documents/FPGA/InterruptsNIOS_bsp/\libhal_bsp.a(alt_exception_entry.o)
 *(.exceptions)
 .exceptions    0x00000000000000fc       0xd8 C:/Users/thomas.oakes/Documents/FPGA/InterruptsNIOS_bsp/\libhal_bsp.a(alt_irq_handler.o)
                0x00000000000000fc                alt_irq_handler
 .exceptions    0x00000000000001d4       0x74 C:/Users/thomas.oakes/Documents/FPGA/InterruptsNIOS_bsp/\libhal_bsp.a(alt_instruction_exception_entry.o)
                0x00000000000001d4                alt_instruction_exception_entry
                0x0000000000000248                PROVIDE (__ram_exceptions_end, ABSOLUTE (.))
                0x0000000000000020                PROVIDE (__flash_exceptions_start, LOADADDR (.exceptions))

.text           0x0000000000000248     0x3f24
                [!provide]                        PROVIDE (stext, ABSOLUTE (.))
 *(.interp)
 *(.hash)
 *(.dynsym)
 *(.dynstr)
 *(.gnu.version)
 *(.gnu.version_d)
 *(.gnu.version_r)
 *(.rel.init)
 *(.rela.init)
 *(.rel.text .rel.text.* .rel.gnu.linkonce.t.*)
 *(.rela.text .rela.text.* .rela.gnu.linkonce.t.*)
 *(.rel.fini)
 *(.rela.fini)
 *(.rel.rodata .rel.rodata.* .rel.gnu.linkonce.r.*)
 *(.rela.rodata .rela.rodata.* .rela.gnu.linkonce.r.*)
 *(.rel.data .rel.data.* .rel.gnu.linkonce.d.*)
 *(.rela.data .rela.data.* .rela.gnu.linkonce.d.*)
 *(.rel.tdata .rel.tdata.* .rel.gnu.linkonce.td.*)
 *(.rela.tdata .rela.tdata.* .rela.gnu.linkonce.td.*)
 *(.rel.tbss .rel.tbss.* .rel.gnu.linkonce.tb.*)
 *(.rela.tbss .rela.tbss.* .rela.gnu.linkonce.tb.*)
 *(.rel.ctors)
 *(.rela.ctors)
 *(.rel.dtors)
 *(.rela.dtors)
 *(.rel.got)
 *(.rela.got)
 *(.rel.sdata .rel.sdata.* .rel.gnu.linkonce.s.*)
 *(.rela.sdata .rela.sdata.* .rela.gnu.linkonce.s.*)
 *(.rel.sbss .rel.sbss.* .rel.gnu.linkonce.sb.*)
 *(.rela.sbss .rela.sbss.* .rela.gnu.linkonce.sb.*)
 *(.rel.sdata2 .rel.sdata2.* .rel.gnu.linkonce.s2.*)
 *(.rela.sdata2 .rela.sdata2.* .rela.gnu.linkonce.s2.*)
 *(.rel.sbss2 .rel.sbss2.* .rel.gnu.linkonce.sb2.*)
 *(.rela.sbss2 .rela.sbss2.* .rela.gnu.linkonce.sb2.*)
 *(.rel.bss .rel.bss.* .rel.gnu.linkonce.b.*)
 *(.rela.bss .rela.bss.* .rela.gnu.linkonce.b.*)
 *(.rel.plt)
 *(.rela.plt)
 *(.rel.dyn)
 *(.init)
 *(.plt)
 *(.text .stub .text.* .gnu.linkonce.t.*)
 .text          0x0000000000000248       0x3c C:/Users/thomas.oakes/Documents/FPGA/InterruptsNIOS_bsp//obj/HAL/src/crt0.o
                0x0000000000000248                _start
 .text          0x0000000000000284       0x48 obj/default/HexDisplay.o
                0x0000000000000284                HexDisplay
 .text          0x00000000000002cc       0x6c obj/default/InterruptDemo.o
                0x00000000000002cc                main
 .text          0x0000000000000338       0x4c obj/default/buttonISR.o
                0x0000000000000338                buttonISR
 .text          0x0000000000000384      0x110 obj/default/lcd.o
                0x0000000000000384                LCD_cursor
                0x00000000000003f0                LCD_text
                0x000000000000045c                LCD_cursor_off
 .text          0x0000000000000494      0x2bc obj/default/seven_seg_bcd.o
                0x0000000000000494                seven_seg_bcd
 .text          0x0000000000000750      0x14c obj/default/seven_seg_hex.o
                0x0000000000000750                seven_seg_hex
 .text          0x000000000000089c       0x78 obj/default/timerISR.o
                0x000000000000089c                timerISR
 .text          0x0000000000000914        0x0 c:/altera/16.0/nios2eds/bin/gnu/h-x86_64-mingw32/bin/../lib/gcc/nios2-elf/5.2.0/../../../../../H-x86_64-mingw32/nios2-elf/lib/mhw-mulx\libc.a(lib_a-memcpy.o)
 .text.memcpy   0x0000000000000914      0x148 c:/altera/16.0/nios2eds/bin/gnu/h-x86_64-mingw32/bin/../lib/gcc/nios2-elf/5.2.0/../../../../../H-x86_64-mingw32/nios2-elf/lib/mhw-mulx\libc.a(lib_a-memcpy.o)
                0x0000000000000914                memcpy
 .text          0x0000000000000a5c      0x1b0 C:/Users/thomas.oakes/Documents/FPGA/InterruptsNIOS_bsp/\libhal_bsp.a(alt_irq_register.o)
                0x0000000000000a5c                alt_irq_register
 .text          0x0000000000000c0c        0x0 C:/Users/thomas.oakes/Documents/FPGA/InterruptsNIOS_bsp/\libhal_bsp.a(alt_irq_vars.o)
 .text          0x0000000000000c0c       0xec C:/Users/thomas.oakes/Documents/FPGA/InterruptsNIOS_bsp/\libhal_bsp.a(alt_load.o)
                0x0000000000000c74                alt_load
 .text          0x0000000000000cf8       0x7c C:/Users/thomas.oakes/Documents/FPGA/InterruptsNIOS_bsp/\libhal_bsp.a(alt_main.o)
                0x0000000000000cf8                alt_main
 .text          0x0000000000000d74      0x394 C:/Users/thomas.oakes/Documents/FPGA/InterruptsNIOS_bsp/\libhal_bsp.a(alt_sys_init.o)
                0x0000000000000dac                alt_irq_init
                0x0000000000000de4                alt_sys_init
 .text          0x0000000000001108      0x164 C:/Users/thomas.oakes/Documents/FPGA/InterruptsNIOS_bsp/\libhal_bsp.a(altera_avalon_jtag_uart_fd.o)
                0x0000000000001108                altera_avalon_jtag_uart_read_fd
                0x0000000000001168                altera_avalon_jtag_uart_write_fd
                0x00000000000011c8                altera_avalon_jtag_uart_close_fd
                0x0000000000001218                altera_avalon_jtag_uart_ioctl_fd
 .text          0x000000000000126c      0x3dc C:/Users/thomas.oakes/Documents/FPGA/InterruptsNIOS_bsp/\libhal_bsp.a(altera_avalon_jtag_uart_init.o)
                0x000000000000126c                altera_avalon_jtag_uart_init
                0x00000000000015e0                altera_avalon_jtag_uart_close
 .text          0x0000000000001648       0xf0 C:/Users/thomas.oakes/Documents/FPGA/InterruptsNIOS_bsp/\libhal_bsp.a(altera_avalon_jtag_uart_ioctl.o)
                0x0000000000001648                altera_avalon_jtag_uart_ioctl
 .text          0x0000000000001738      0x21c C:/Users/thomas.oakes/Documents/FPGA/InterruptsNIOS_bsp/\libhal_bsp.a(altera_avalon_jtag_uart_read.o)
                0x0000000000001738                altera_avalon_jtag_uart_read
 .text          0x0000000000001954      0x224 C:/Users/thomas.oakes/Documents/FPGA/InterruptsNIOS_bsp/\libhal_bsp.a(altera_avalon_jtag_uart_write.o)
                0x0000000000001954                altera_avalon_jtag_uart_write
 .text          0x0000000000001b78      0x100 C:/Users/thomas.oakes/Documents/FPGA/InterruptsNIOS_bsp/\libhal_bsp.a(altera_avalon_timer_sc.o)
                0x0000000000001bf4                alt_avalon_timer_sc_init
 .text          0x0000000000001c78      0x4f8 C:/Users/thomas.oakes/Documents/FPGA/InterruptsNIOS_bsp/\libhal_bsp.a(altera_up_avalon_character_lcd.o)
                0x0000000000001c78                get_DDRAM_addr
                0x0000000000001cec                alt_up_character_lcd_send_cmd
                0x0000000000001d2c                alt_up_character_lcd_init
                0x0000000000001d64                alt_up_character_lcd_open_dev
                0x0000000000001da4                alt_up_character_lcd_write
                0x0000000000001e20                alt_up_character_lcd_string
                0x0000000000001e98                alt_up_character_lcd_write_fd
                0x0000000000001ee8                alt_up_character_lcd_set_cursor_pos
                0x0000000000001f5c                alt_up_character_lcd_shift_cursor
                0x0000000000001fe8                alt_up_character_lcd_shift_display
                0x0000000000002074                alt_up_character_lcd_erase_pos
                0x0000000000002100                alt_up_character_lcd_cursor_off
                0x0000000000002138                alt_up_character_lcd_cursor_blink_on
 .text          0x0000000000002170      0x390 C:/Users/thomas.oakes/Documents/FPGA/InterruptsNIOS_bsp/\libhal_bsp.a(altera_up_avalon_irda.o)
                0x0000000000002170                alt_up_irda_enable_read_interrupt
                0x00000000000021cc                alt_up_irda_disable_read_interrupt
                0x000000000000222c                alt_up_irda_get_used_space_in_read_FIFO
                0x000000000000226c                alt_up_irda_get_available_space_in_write_FIFO
                0x00000000000022a8                alt_up_irda_check_parity
                0x00000000000022ec                alt_up_irda_write_data
                0x000000000000232c                alt_up_irda_read_data
                0x00000000000023a0                alt_up_irda_read_fd
                0x0000000000002430                alt_up_irda_write_fd
                0x00000000000024c0                alt_up_irda_open_dev
 .text          0x0000000000002500      0x6b4 C:/Users/thomas.oakes/Documents/FPGA/InterruptsNIOS_bsp/\libhal_bsp.a(altera_up_avalon_ps2.o)
                0x0000000000002500                read_RI_bit
                0x0000000000002534                read_RE_bit
                0x0000000000002564                read_CE_bit
                0x0000000000002598                read_num_bytes_available
                0x00000000000025c8                read_data_valid
                0x00000000000025fc                read_data_byte
                0x0000000000002628                alt_up_ps2_init
                0x00000000000026f0                alt_up_ps2_enable_read_interrupt
                0x000000000000274c                alt_up_ps2_disable_read_interrupt
                0x00000000000027ac                alt_up_ps2_write_data_byte
                0x0000000000002820                alt_up_ps2_wait_for_ack
                0x0000000000002888                alt_up_ps2_write_data_byte_with_ack
                0x00000000000028ec                alt_up_ps2_read_data_byte_timeout
                0x0000000000002988                alt_up_ps2_read_data_byte
                0x00000000000029f8                alt_up_ps2_clear_fifo
                0x0000000000002a50                alt_up_ps2_read_fd
                0x0000000000002adc                alt_up_ps2_write_fd
                0x0000000000002b74                alt_up_ps2_open_dev
 .text          0x0000000000002bb4      0x394 C:/Users/thomas.oakes/Documents/FPGA/InterruptsNIOS_bsp/\libhal_bsp.a(altera_up_avalon_rs232.o)
                0x0000000000002bb4                alt_up_rs232_enable_read_interrupt
                0x0000000000002c10                alt_up_rs232_disable_read_interrupt
                0x0000000000002c70                alt_up_rs232_get_used_space_in_read_FIFO
                0x0000000000002cb0                alt_up_rs232_get_available_space_in_write_FIFO
                0x0000000000002cec                alt_up_rs232_check_parity
                0x0000000000002d30                alt_up_rs232_write_data
                0x0000000000002d70                alt_up_rs232_read_data
                0x0000000000002de4                alt_up_rs232_read_fd
                0x0000000000002e74                alt_up_rs232_write_fd
                0x0000000000002f08                alt_up_rs232_open_dev
 .text          0x0000000000002f48      0x140 C:/Users/thomas.oakes/Documents/FPGA/InterruptsNIOS_bsp/\libhal_bsp.a(alt_alarm_start.o)
                0x0000000000002f48                alt_alarm_start
 .text          0x0000000000003088      0x120 C:/Users/thomas.oakes/Documents/FPGA/InterruptsNIOS_bsp/\libhal_bsp.a(alt_close.o)
                0x00000000000030d8                close
 .text          0x00000000000031a8       0x20 C:/Users/thomas.oakes/Documents/FPGA/InterruptsNIOS_bsp/\libhal_bsp.a(alt_dcache_flush_all.o)
                0x00000000000031a8                alt_dcache_flush_all
 .text          0x00000000000031c8       0x2c C:/Users/thomas.oakes/Documents/FPGA/InterruptsNIOS_bsp/\libhal_bsp.a(alt_dev.o)
 .text          0x00000000000031f4       0xf4 C:/Users/thomas.oakes/Documents/FPGA/InterruptsNIOS_bsp/\libhal_bsp.a(alt_dev_llist_insert.o)
                0x0000000000003244                alt_dev_llist_insert
 .text          0x00000000000032e8       0x60 C:/Users/thomas.oakes/Documents/FPGA/InterruptsNIOS_bsp/\libhal_bsp.a(alt_do_ctors.o)
                0x00000000000032e8                _do_ctors
 .text          0x0000000000003348       0x60 C:/Users/thomas.oakes/Documents/FPGA/InterruptsNIOS_bsp/\libhal_bsp.a(alt_do_dtors.o)
                0x0000000000003348                _do_dtors
 .text          0x00000000000033a8        0x0 C:/Users/thomas.oakes/Documents/FPGA/InterruptsNIOS_bsp/\libhal_bsp.a(alt_errno.o)
 .text          0x00000000000033a8       0x90 C:/Users/thomas.oakes/Documents/FPGA/InterruptsNIOS_bsp/\libhal_bsp.a(alt_find_dev.o)
                0x00000000000033a8                alt_find_dev
 .text          0x0000000000003438       0x34 C:/Users/thomas.oakes/Documents/FPGA/InterruptsNIOS_bsp/\libhal_bsp.a(alt_icache_flush_all.o)
                0x0000000000003438                alt_icache_flush_all
 .text          0x000000000000346c      0x140 C:/Users/thomas.oakes/Documents/FPGA/InterruptsNIOS_bsp/\libhal_bsp.a(alt_io_redirect.o)
                0x0000000000003530                alt_io_redirect
 .text          0x00000000000035ac        0x0 C:/Users/thomas.oakes/Documents/FPGA/InterruptsNIOS_bsp/\libhal_bsp.a(alt_irq_entry.o)
 .text          0x00000000000035ac        0x0 C:/Users/thomas.oakes/Documents/FPGA/InterruptsNIOS_bsp/\libhal_bsp.a(alt_irq_handler.o)
 .text          0x00000000000035ac      0x274 C:/Users/thomas.oakes/Documents/FPGA/InterruptsNIOS_bsp/\libhal_bsp.a(alt_open.o)
                0x00000000000036c8                open
 .text          0x0000000000003820       0x64 C:/Users/thomas.oakes/Documents/FPGA/InterruptsNIOS_bsp/\libhal_bsp.a(alt_release_fd.o)
                0x0000000000003820                alt_release_fd
 .text          0x0000000000003884      0x1a4 C:/Users/thomas.oakes/Documents/FPGA/InterruptsNIOS_bsp/\libhal_bsp.a(alt_tick.o)
                0x0000000000003884                alt_alarm_stop
                0x0000000000003920                alt_tick
 .text          0x0000000000003a28       0x24 C:/Users/thomas.oakes/Documents/FPGA/InterruptsNIOS_bsp/\libhal_bsp.a(altera_nios2_gen2_irq.o)
                0x0000000000003a28                altera_nios2_gen2_irq_init
 .text          0x0000000000003a4c        0x0 C:/Users/thomas.oakes/Documents/FPGA/InterruptsNIOS_bsp/\libhal_bsp.a(alt_exception_entry.o)
 .text          0x0000000000003a4c      0x114 C:/Users/thomas.oakes/Documents/FPGA/InterruptsNIOS_bsp/\libhal_bsp.a(alt_find_file.o)
                0x0000000000003a4c                alt_find_file
 .text          0x0000000000003b60       0xb4 C:/Users/thomas.oakes/Documents/FPGA/InterruptsNIOS_bsp/\libhal_bsp.a(alt_get_fd.o)
                0x0000000000003b60                alt_get_fd
 .text          0x0000000000003c14       0x90 C:/Users/thomas.oakes/Documents/FPGA/InterruptsNIOS_bsp/\libhal_bsp.a(alt_icache_flush.o)
                0x0000000000003c14                alt_icache_flush
 .text          0x0000000000003ca4       0x9c C:/Users/thomas.oakes/Documents/FPGA/InterruptsNIOS_bsp/\libhal_bsp.a(alt_instruction_exception_entry.o)
                0x0000000000003ca4                alt_exception_cause_generated_bad_addr
 .text          0x0000000000003d40        0x0 c:/altera/16.0/nios2eds/bin/gnu/h-x86_64-mingw32/bin/../lib/gcc/nios2-elf/5.2.0/../../../../../H-x86_64-mingw32/nios2-elf/lib/mhw-mulx\libc.a(lib_a-atexit.o)
 .text.atexit   0x0000000000003d40       0x14 c:/altera/16.0/nios2eds/bin/gnu/h-x86_64-mingw32/bin/../lib/gcc/nios2-elf/5.2.0/../../../../../H-x86_64-mingw32/nios2-elf/lib/mhw-mulx\libc.a(lib_a-atexit.o)
                0x0000000000003d40                atexit
 .text          0x0000000000003d54        0x0 c:/altera/16.0/nios2eds/bin/gnu/h-x86_64-mingw32/bin/../lib/gcc/nios2-elf/5.2.0/../../../../../H-x86_64-mingw32/nios2-elf/lib/mhw-mulx\libc.a(lib_a-exit.o)
 .text.exit     0x0000000000003d54       0x38 c:/altera/16.0/nios2eds/bin/gnu/h-x86_64-mingw32/bin/../lib/gcc/nios2-elf/5.2.0/../../../../../H-x86_64-mingw32/nios2-elf/lib/mhw-mulx\libc.a(lib_a-exit.o)
                0x0000000000003d54                exit
 .text          0x0000000000003d8c        0x0 c:/altera/16.0/nios2eds/bin/gnu/h-x86_64-mingw32/bin/../lib/gcc/nios2-elf/5.2.0/../../../../../H-x86_64-mingw32/nios2-elf/lib/mhw-mulx\libc.a(lib_a-impure.o)
 .text          0x0000000000003d8c        0x0 c:/altera/16.0/nios2eds/bin/gnu/h-x86_64-mingw32/bin/../lib/gcc/nios2-elf/5.2.0/../../../../../H-x86_64-mingw32/nios2-elf/lib/mhw-mulx\libc.a(lib_a-int_errno.o)
 .text          0x0000000000003d8c        0x0 c:/altera/16.0/nios2eds/bin/gnu/h-x86_64-mingw32/bin/../lib/gcc/nios2-elf/5.2.0/../../../../../H-x86_64-mingw32/nios2-elf/lib/mhw-mulx\libc.a(lib_a-memcmp.o)
 .text.memcmp   0x0000000000003d8c       0x7c c:/altera/16.0/nios2eds/bin/gnu/h-x86_64-mingw32/bin/../lib/gcc/nios2-elf/5.2.0/../../../../../H-x86_64-mingw32/nios2-elf/lib/mhw-mulx\libc.a(lib_a-memcmp.o)
                0x0000000000003d8c                memcmp
 .text          0x0000000000003e08        0x0 c:/altera/16.0/nios2eds/bin/gnu/h-x86_64-mingw32/bin/../lib/gcc/nios2-elf/5.2.0/../../../../../H-x86_64-mingw32/nios2-elf/lib/mhw-mulx\libc.a(lib_a-strlen.o)
 .text.strlen   0x0000000000003e08       0x98 c:/altera/16.0/nios2eds/bin/gnu/h-x86_64-mingw32/bin/../lib/gcc/nios2-elf/5.2.0/../../../../../H-x86_64-mingw32/nios2-elf/lib/mhw-mulx\libc.a(lib_a-strlen.o)
                0x0000000000003e08                strlen
 .text          0x0000000000003ea0        0x0 c:/altera/16.0/nios2eds/bin/gnu/h-x86_64-mingw32/bin/../lib/gcc/nios2-elf/5.2.0/../../../../../H-x86_64-mingw32/nios2-elf/lib/mhw-mulx\libc.a(lib_a-__atexit.o)
 .text.__register_exitproc
                0x0000000000003ea0      0x118 c:/altera/16.0/nios2eds/bin/gnu/h-x86_64-mingw32/bin/../lib/gcc/nios2-elf/5.2.0/../../../../../H-x86_64-mingw32/nios2-elf/lib/mhw-mulx\libc.a(lib_a-__atexit.o)
                0x0000000000003ea0                __register_exitproc
 .text          0x0000000000003fb8        0x0 c:/altera/16.0/nios2eds/bin/gnu/h-x86_64-mingw32/bin/../lib/gcc/nios2-elf/5.2.0/../../../../../H-x86_64-mingw32/nios2-elf/lib/mhw-mulx\libc.a(lib_a-__call_atexit.o)
 .text.__call_exitprocs
                0x0000000000003fb8      0x180 c:/altera/16.0/nios2eds/bin/gnu/h-x86_64-mingw32/bin/../lib/gcc/nios2-elf/5.2.0/../../../../../H-x86_64-mingw32/nios2-elf/lib/mhw-mulx\libc.a(lib_a-__call_atexit.o)
                0x0000000000003fb8                __call_exitprocs
 .text          0x0000000000004138       0x34 C:/Users/thomas.oakes/Documents/FPGA/InterruptsNIOS_bsp/\libhal_bsp.a(alt_exit.o)
                0x0000000000004138                _exit
 *(.gnu.warning.*)
 *(.fini)
                [!provide]                        PROVIDE (__etext, ABSOLUTE (.))
                [!provide]                        PROVIDE (_etext, ABSOLUTE (.))
                [!provide]                        PROVIDE (etext, ABSOLUTE (.))
 *(.eh_frame_hdr)
                0x000000000000416c                . = ALIGN (0x4)
                [!provide]                        PROVIDE (__preinit_array_start, ABSOLUTE (.))
 *(.preinit_array)
                [!provide]                        PROVIDE (__preinit_array_end, ABSOLUTE (.))
                [!provide]                        PROVIDE (__init_array_start, ABSOLUTE (.))
 *(.init_array)
                [!provide]                        PROVIDE (__init_array_end, ABSOLUTE (.))
                [!provide]                        PROVIDE (__fini_array_start, ABSOLUTE (.))
 *(.fini_array)
                [!provide]                        PROVIDE (__fini_array_end, ABSOLUTE (.))
 *(.eh_frame)
 *(.gcc_except_table .gcc_except_table.*)
 *(.dynamic)
                0x000000000000416c                PROVIDE (__CTOR_LIST__, ABSOLUTE (.))
 *(.ctors)
 *(SORT(.ctors.*))
                0x000000000000416c                PROVIDE (__CTOR_END__, ABSOLUTE (.))
                0x000000000000416c                PROVIDE (__DTOR_LIST__, ABSOLUTE (.))
 *(.dtors)
 *(SORT(.dtors.*))
                0x000000000000416c                PROVIDE (__DTOR_END__, ABSOLUTE (.))
 *(.jcr)
                0x000000000000416c                . = ALIGN (0x4)

.rodata         0x000000000000416c      0x184
                0x000000000000416c                PROVIDE (__ram_rodata_start, ABSOLUTE (.))
                0x000000000000416c                . = ALIGN (0x4)
 *(.rodata .rodata.* .gnu.linkonce.r.*)
 .rodata        0x000000000000416c       0x10 obj/default/seven_seg_hex.o
 .rodata        0x000000000000417c        0xf C:/Users/thomas.oakes/Documents/FPGA/InterruptsNIOS_bsp/\libhal_bsp.a(alt_main.o)
 *fill*         0x000000000000418b        0x1 
 .rodata        0x000000000000418c      0x151 C:/Users/thomas.oakes/Documents/FPGA/InterruptsNIOS_bsp/\libhal_bsp.a(alt_sys_init.o)
 *fill*         0x00000000000042dd        0x3 
 .rodata        0x00000000000042e0        0xa C:/Users/thomas.oakes/Documents/FPGA/InterruptsNIOS_bsp/\libhal_bsp.a(alt_dev.o)
 *fill*         0x00000000000042ea        0x2 
 .rodata.str1.4
                0x00000000000042ec        0x4 c:/altera/16.0/nios2eds/bin/gnu/h-x86_64-mingw32/bin/../lib/gcc/nios2-elf/5.2.0/../../../../../H-x86_64-mingw32/nios2-elf/lib/mhw-mulx\libc.a(lib_a-impure.o)
                                          0x2 (size before relaxing)
 *(.rodata1)
                0x00000000000042f0                . = ALIGN (0x4)
                0x00000000000042f0                PROVIDE (__ram_rodata_end, ABSOLUTE (.))
                0x000000000000416c                PROVIDE (__flash_rodata_start, LOADADDR (.rodata))

.rwdata         0x00000000000042f0     0x1994 load address 0x0000000000005c84
                0x00000000000042f0                PROVIDE (__ram_rwdata_start, ABSOLUTE (.))
                0x00000000000042f0                . = ALIGN (0x4)
 *(.got.plt)
 *(.got)
 *(.data1)
 *(.data .data.* .gnu.linkonce.d.*)
 .data          0x00000000000042f0        0x0 C:/Users/thomas.oakes/Documents/FPGA/InterruptsNIOS_bsp//obj/HAL/src/crt0.o
 .data          0x00000000000042f0        0x0 obj/default/HexDisplay.o
 .data          0x00000000000042f0        0x0 obj/default/InterruptDemo.o
 .data          0x00000000000042f0        0x0 obj/default/buttonISR.o
 .data          0x00000000000042f0        0x0 obj/default/lcd.o
 .data          0x00000000000042f0        0x0 obj/default/seven_seg_bcd.o
 .data          0x00000000000042f0        0x0 obj/default/seven_seg_hex.o
 .data          0x00000000000042f0        0x0 obj/default/timerISR.o
 .data          0x00000000000042f0        0x0 c:/altera/16.0/nios2eds/bin/gnu/h-x86_64-mingw32/bin/../lib/gcc/nios2-elf/5.2.0/../../../../../H-x86_64-mingw32/nios2-elf/lib/mhw-mulx\libc.a(lib_a-memcpy.o)
 .data          0x00000000000042f0        0x0 C:/Users/thomas.oakes/Documents/FPGA/InterruptsNIOS_bsp/\libhal_bsp.a(alt_irq_register.o)
 .data          0x00000000000042f0        0x0 C:/Users/thomas.oakes/Documents/FPGA/InterruptsNIOS_bsp/\libhal_bsp.a(alt_irq_vars.o)
 .data          0x00000000000042f0        0x0 C:/Users/thomas.oakes/Documents/FPGA/InterruptsNIOS_bsp/\libhal_bsp.a(alt_load.o)
 .data          0x00000000000042f0        0x0 C:/Users/thomas.oakes/Documents/FPGA/InterruptsNIOS_bsp/\libhal_bsp.a(alt_main.o)
 .data          0x00000000000042f0     0x139c C:/Users/thomas.oakes/Documents/FPGA/InterruptsNIOS_bsp/\libhal_bsp.a(alt_sys_init.o)
 .data          0x000000000000568c        0x0 C:/Users/thomas.oakes/Documents/FPGA/InterruptsNIOS_bsp/\libhal_bsp.a(altera_avalon_jtag_uart_fd.o)
 .data          0x000000000000568c        0x0 C:/Users/thomas.oakes/Documents/FPGA/InterruptsNIOS_bsp/\libhal_bsp.a(altera_avalon_jtag_uart_init.o)
 .data          0x000000000000568c        0x0 C:/Users/thomas.oakes/Documents/FPGA/InterruptsNIOS_bsp/\libhal_bsp.a(altera_avalon_jtag_uart_ioctl.o)
 .data          0x000000000000568c        0x0 C:/Users/thomas.oakes/Documents/FPGA/InterruptsNIOS_bsp/\libhal_bsp.a(altera_avalon_jtag_uart_read.o)
 .data          0x000000000000568c        0x0 C:/Users/thomas.oakes/Documents/FPGA/InterruptsNIOS_bsp/\libhal_bsp.a(altera_avalon_jtag_uart_write.o)
 .data          0x000000000000568c        0x0 C:/Users/thomas.oakes/Documents/FPGA/InterruptsNIOS_bsp/\libhal_bsp.a(altera_avalon_timer_sc.o)
 .data          0x000000000000568c        0x0 C:/Users/thomas.oakes/Documents/FPGA/InterruptsNIOS_bsp/\libhal_bsp.a(altera_up_avalon_character_lcd.o)
 .data          0x000000000000568c        0x0 C:/Users/thomas.oakes/Documents/FPGA/InterruptsNIOS_bsp/\libhal_bsp.a(altera_up_avalon_irda.o)
 .data          0x000000000000568c        0x0 C:/Users/thomas.oakes/Documents/FPGA/InterruptsNIOS_bsp/\libhal_bsp.a(altera_up_avalon_ps2.o)
 .data          0x000000000000568c        0x0 C:/Users/thomas.oakes/Documents/FPGA/InterruptsNIOS_bsp/\libhal_bsp.a(altera_up_avalon_rs232.o)
 .data          0x000000000000568c        0x0 C:/Users/thomas.oakes/Documents/FPGA/InterruptsNIOS_bsp/\libhal_bsp.a(alt_alarm_start.o)
 .data          0x000000000000568c        0x0 C:/Users/thomas.oakes/Documents/FPGA/InterruptsNIOS_bsp/\libhal_bsp.a(alt_close.o)
 .data          0x000000000000568c        0x0 C:/Users/thomas.oakes/Documents/FPGA/InterruptsNIOS_bsp/\libhal_bsp.a(alt_dcache_flush_all.o)
 .data          0x000000000000568c      0x1a8 C:/Users/thomas.oakes/Documents/FPGA/InterruptsNIOS_bsp/\libhal_bsp.a(alt_dev.o)
                0x000000000000568c                alt_dev_null
                0x00000000000056b4                alt_fd_list
 .data          0x0000000000005834        0x0 C:/Users/thomas.oakes/Documents/FPGA/InterruptsNIOS_bsp/\libhal_bsp.a(alt_dev_llist_insert.o)
 .data          0x0000000000005834        0x0 C:/Users/thomas.oakes/Documents/FPGA/InterruptsNIOS_bsp/\libhal_bsp.a(alt_do_ctors.o)
 .data          0x0000000000005834        0x0 C:/Users/thomas.oakes/Documents/FPGA/InterruptsNIOS_bsp/\libhal_bsp.a(alt_do_dtors.o)
 .data          0x0000000000005834        0x0 C:/Users/thomas.oakes/Documents/FPGA/InterruptsNIOS_bsp/\libhal_bsp.a(alt_errno.o)
 .data          0x0000000000005834        0x0 C:/Users/thomas.oakes/Documents/FPGA/InterruptsNIOS_bsp/\libhal_bsp.a(alt_find_dev.o)
 .data          0x0000000000005834        0x0 C:/Users/thomas.oakes/Documents/FPGA/InterruptsNIOS_bsp/\libhal_bsp.a(alt_icache_flush_all.o)
 .data          0x0000000000005834        0x0 C:/Users/thomas.oakes/Documents/FPGA/InterruptsNIOS_bsp/\libhal_bsp.a(alt_io_redirect.o)
 .data          0x0000000000005834        0x0 C:/Users/thomas.oakes/Documents/FPGA/InterruptsNIOS_bsp/\libhal_bsp.a(alt_irq_entry.o)
 .data          0x0000000000005834        0x0 C:/Users/thomas.oakes/Documents/FPGA/InterruptsNIOS_bsp/\libhal_bsp.a(alt_irq_handler.o)
 .data          0x0000000000005834        0x0 C:/Users/thomas.oakes/Documents/FPGA/InterruptsNIOS_bsp/\libhal_bsp.a(alt_open.o)
 .data          0x0000000000005834        0x0 C:/Users/thomas.oakes/Documents/FPGA/InterruptsNIOS_bsp/\libhal_bsp.a(alt_release_fd.o)
 .data          0x0000000000005834        0x0 C:/Users/thomas.oakes/Documents/FPGA/InterruptsNIOS_bsp/\libhal_bsp.a(alt_tick.o)
 .data          0x0000000000005834        0x0 C:/Users/thomas.oakes/Documents/FPGA/InterruptsNIOS_bsp/\libhal_bsp.a(altera_nios2_gen2_irq.o)
 .data          0x0000000000005834        0x0 C:/Users/thomas.oakes/Documents/FPGA/InterruptsNIOS_bsp/\libhal_bsp.a(alt_exception_entry.o)
 .data          0x0000000000005834        0x0 C:/Users/thomas.oakes/Documents/FPGA/InterruptsNIOS_bsp/\libhal_bsp.a(alt_find_file.o)
 .data          0x0000000000005834        0x0 C:/Users/thomas.oakes/Documents/FPGA/InterruptsNIOS_bsp/\libhal_bsp.a(alt_get_fd.o)
 .data          0x0000000000005834        0x0 C:/Users/thomas.oakes/Documents/FPGA/InterruptsNIOS_bsp/\libhal_bsp.a(alt_icache_flush.o)
 .data          0x0000000000005834        0x0 C:/Users/thomas.oakes/Documents/FPGA/InterruptsNIOS_bsp/\libhal_bsp.a(alt_instruction_exception_entry.o)
 .data          0x0000000000005834        0x0 c:/altera/16.0/nios2eds/bin/gnu/h-x86_64-mingw32/bin/../lib/gcc/nios2-elf/5.2.0/../../../../../H-x86_64-mingw32/nios2-elf/lib/mhw-mulx\libc.a(lib_a-atexit.o)
 .data          0x0000000000005834        0x0 c:/altera/16.0/nios2eds/bin/gnu/h-x86_64-mingw32/bin/../lib/gcc/nios2-elf/5.2.0/../../../../../H-x86_64-mingw32/nios2-elf/lib/mhw-mulx\libc.a(lib_a-exit.o)
 .data          0x0000000000005834        0x0 c:/altera/16.0/nios2eds/bin/gnu/h-x86_64-mingw32/bin/../lib/gcc/nios2-elf/5.2.0/../../../../../H-x86_64-mingw32/nios2-elf/lib/mhw-mulx\libc.a(lib_a-impure.o)
 .data.impure_data
                0x0000000000005834      0x424 c:/altera/16.0/nios2eds/bin/gnu/h-x86_64-mingw32/bin/../lib/gcc/nios2-elf/5.2.0/../../../../../H-x86_64-mingw32/nios2-elf/lib/mhw-mulx\libc.a(lib_a-impure.o)
 .data          0x0000000000005c58        0x0 c:/altera/16.0/nios2eds/bin/gnu/h-x86_64-mingw32/bin/../lib/gcc/nios2-elf/5.2.0/../../../../../H-x86_64-mingw32/nios2-elf/lib/mhw-mulx\libc.a(lib_a-int_errno.o)
 .data          0x0000000000005c58        0x0 c:/altera/16.0/nios2eds/bin/gnu/h-x86_64-mingw32/bin/../lib/gcc/nios2-elf/5.2.0/../../../../../H-x86_64-mingw32/nios2-elf/lib/mhw-mulx\libc.a(lib_a-memcmp.o)
 .data          0x0000000000005c58        0x0 c:/altera/16.0/nios2eds/bin/gnu/h-x86_64-mingw32/bin/../lib/gcc/nios2-elf/5.2.0/../../../../../H-x86_64-mingw32/nios2-elf/lib/mhw-mulx\libc.a(lib_a-strlen.o)
 .data          0x0000000000005c58        0x0 c:/altera/16.0/nios2eds/bin/gnu/h-x86_64-mingw32/bin/../lib/gcc/nios2-elf/5.2.0/../../../../../H-x86_64-mingw32/nios2-elf/lib/mhw-mulx\libc.a(lib_a-__atexit.o)
 .data          0x0000000000005c58        0x0 c:/altera/16.0/nios2eds/bin/gnu/h-x86_64-mingw32/bin/../lib/gcc/nios2-elf/5.2.0/../../../../../H-x86_64-mingw32/nios2-elf/lib/mhw-mulx\libc.a(lib_a-__call_atexit.o)
 .data          0x0000000000005c58        0x0 C:/Users/thomas.oakes/Documents/FPGA/InterruptsNIOS_bsp/\libhal_bsp.a(alt_exit.o)
                0x000000000000dc58                _gp = ABSOLUTE ((. + 0x8000))
                [!provide]                        PROVIDE (gp, _gp)
 *(.rwdata .rwdata.*)
 *(.sdata .sdata.* .gnu.linkonce.s.*)
 .sdata         0x0000000000005c58        0x4 C:/Users/thomas.oakes/Documents/FPGA/InterruptsNIOS_bsp/\libhal_bsp.a(alt_irq_vars.o)
                0x0000000000005c58                alt_priority_mask
 .sdata         0x0000000000005c5c       0x14 C:/Users/thomas.oakes/Documents/FPGA/InterruptsNIOS_bsp/\libhal_bsp.a(alt_dev.o)
                0x0000000000005c5c                alt_fs_list
                0x0000000000005c64                alt_dev_list
                0x0000000000005c6c                alt_max_fd
 .sdata         0x0000000000005c70        0x4 C:/Users/thomas.oakes/Documents/FPGA/InterruptsNIOS_bsp/\libhal_bsp.a(alt_errno.o)
                0x0000000000005c70                alt_errno
 .sdata         0x0000000000005c74        0x8 C:/Users/thomas.oakes/Documents/FPGA/InterruptsNIOS_bsp/\libhal_bsp.a(alt_tick.o)
                0x0000000000005c74                alt_alarm_list
 .sdata._global_impure_ptr
                0x0000000000005c7c        0x4 c:/altera/16.0/nios2eds/bin/gnu/h-x86_64-mingw32/bin/../lib/gcc/nios2-elf/5.2.0/../../../../../H-x86_64-mingw32/nios2-elf/lib/mhw-mulx\libc.a(lib_a-impure.o)
                0x0000000000005c7c                _global_impure_ptr
 .sdata._impure_ptr
                0x0000000000005c80        0x4 c:/altera/16.0/nios2eds/bin/gnu/h-x86_64-mingw32/bin/../lib/gcc/nios2-elf/5.2.0/../../../../../H-x86_64-mingw32/nios2-elf/lib/mhw-mulx\libc.a(lib_a-impure.o)
                0x0000000000005c80                _impure_ptr
 *(.sdata2 .sdata2.* .gnu.linkonce.s2.*)
                0x0000000000005c84                . = ALIGN (0x4)
                0x0000000000005c84                _edata = ABSOLUTE (.)
                [!provide]                        PROVIDE (edata, ABSOLUTE (.))
                0x0000000000005c84                PROVIDE (__ram_rwdata_end, ABSOLUTE (.))
                0x0000000000005c84                PROVIDE (__flash_rwdata_start, LOADADDR (.rwdata))

.bss            0x0000000000007618      0x128
                0x0000000000007618                __bss_start = ABSOLUTE (.)
                [!provide]                        PROVIDE (__sbss_start, ABSOLUTE (.))
                [!provide]                        PROVIDE (___sbss_start, ABSOLUTE (.))
 *(.dynsbss)
 *(.sbss .sbss.* .gnu.linkonce.sb.*)
 .sbss          0x0000000000007618        0x8 obj/default/InterruptDemo.o
 .sbss          0x0000000000007620        0x4 C:/Users/thomas.oakes/Documents/FPGA/InterruptsNIOS_bsp/\libhal_bsp.a(alt_irq_vars.o)
                0x0000000000007620                alt_irq_active
 .sbss          0x0000000000007624        0xc C:/Users/thomas.oakes/Documents/FPGA/InterruptsNIOS_bsp/\libhal_bsp.a(alt_main.o)
                0x0000000000007624                alt_argc
                0x0000000000007628                alt_argv
                0x000000000000762c                alt_envp
 .sbss          0x0000000000007630        0x8 C:/Users/thomas.oakes/Documents/FPGA/InterruptsNIOS_bsp/\libhal_bsp.a(alt_tick.o)
                0x0000000000007630                _alt_tick_rate
                0x0000000000007634                _alt_nticks
 .sbss          0x0000000000007638        0x4 C:/Users/thomas.oakes/Documents/FPGA/InterruptsNIOS_bsp/\libhal_bsp.a(alt_instruction_exception_entry.o)
                0x0000000000007638                alt_instruction_exception_handler
 .sbss          0x000000000000763c        0x4 c:/altera/16.0/nios2eds/bin/gnu/h-x86_64-mingw32/bin/../lib/gcc/nios2-elf/5.2.0/../../../../../H-x86_64-mingw32/nios2-elf/lib/mhw-mulx\libc.a(lib_a-int_errno.o)
                0x000000000000763c                errno
 *(.sbss2 .sbss2.* .gnu.linkonce.sb2.*)
 *(.scommon)
                [!provide]                        PROVIDE (__sbss_end, ABSOLUTE (.))
                [!provide]                        PROVIDE (___sbss_end, ABSOLUTE (.))
 *(.dynbss)
 *(.bss .bss.* .gnu.linkonce.b.*)
 .bss           0x0000000000007640        0x0 C:/Users/thomas.oakes/Documents/FPGA/InterruptsNIOS_bsp//obj/HAL/src/crt0.o
 .bss           0x0000000000007640        0x0 obj/default/HexDisplay.o
 .bss           0x0000000000007640        0x0 obj/default/InterruptDemo.o
 .bss           0x0000000000007640        0x0 obj/default/buttonISR.o
 .bss           0x0000000000007640        0x0 obj/default/lcd.o
 .bss           0x0000000000007640        0x0 obj/default/seven_seg_bcd.o
 .bss           0x0000000000007640        0x0 obj/default/seven_seg_hex.o
 .bss           0x0000000000007640        0x0 obj/default/timerISR.o
 .bss           0x0000000000007640        0x0 c:/altera/16.0/nios2eds/bin/gnu/h-x86_64-mingw32/bin/../lib/gcc/nios2-elf/5.2.0/../../../../../H-x86_64-mingw32/nios2-elf/lib/mhw-mulx\libc.a(lib_a-memcpy.o)
 .bss           0x0000000000007640        0x0 C:/Users/thomas.oakes/Documents/FPGA/InterruptsNIOS_bsp/\libhal_bsp.a(alt_irq_register.o)
 .bss           0x0000000000007640        0x0 C:/Users/thomas.oakes/Documents/FPGA/InterruptsNIOS_bsp/\libhal_bsp.a(alt_irq_vars.o)
 .bss           0x0000000000007640        0x0 C:/Users/thomas.oakes/Documents/FPGA/InterruptsNIOS_bsp/\libhal_bsp.a(alt_load.o)
 .bss           0x0000000000007640        0x0 C:/Users/thomas.oakes/Documents/FPGA/InterruptsNIOS_bsp/\libhal_bsp.a(alt_main.o)
 .bss           0x0000000000007640        0x0 C:/Users/thomas.oakes/Documents/FPGA/InterruptsNIOS_bsp/\libhal_bsp.a(alt_sys_init.o)
 .bss           0x0000000000007640        0x0 C:/Users/thomas.oakes/Documents/FPGA/InterruptsNIOS_bsp/\libhal_bsp.a(altera_avalon_jtag_uart_fd.o)
 .bss           0x0000000000007640        0x0 C:/Users/thomas.oakes/Documents/FPGA/InterruptsNIOS_bsp/\libhal_bsp.a(altera_avalon_jtag_uart_init.o)
 .bss           0x0000000000007640        0x0 C:/Users/thomas.oakes/Documents/FPGA/InterruptsNIOS_bsp/\libhal_bsp.a(altera_avalon_jtag_uart_ioctl.o)
 .bss           0x0000000000007640        0x0 C:/Users/thomas.oakes/Documents/FPGA/InterruptsNIOS_bsp/\libhal_bsp.a(altera_avalon_jtag_uart_read.o)
 .bss           0x0000000000007640        0x0 C:/Users/thomas.oakes/Documents/FPGA/InterruptsNIOS_bsp/\libhal_bsp.a(altera_avalon_jtag_uart_write.o)
 .bss           0x0000000000007640        0x0 C:/Users/thomas.oakes/Documents/FPGA/InterruptsNIOS_bsp/\libhal_bsp.a(altera_avalon_timer_sc.o)
 .bss           0x0000000000007640        0x0 C:/Users/thomas.oakes/Documents/FPGA/InterruptsNIOS_bsp/\libhal_bsp.a(altera_up_avalon_character_lcd.o)
 .bss           0x0000000000007640        0x0 C:/Users/thomas.oakes/Documents/FPGA/InterruptsNIOS_bsp/\libhal_bsp.a(altera_up_avalon_irda.o)
 .bss           0x0000000000007640        0x0 C:/Users/thomas.oakes/Documents/FPGA/InterruptsNIOS_bsp/\libhal_bsp.a(altera_up_avalon_ps2.o)
 .bss           0x0000000000007640        0x0 C:/Users/thomas.oakes/Documents/FPGA/InterruptsNIOS_bsp/\libhal_bsp.a(altera_up_avalon_rs232.o)
 .bss           0x0000000000007640        0x0 C:/Users/thomas.oakes/Documents/FPGA/InterruptsNIOS_bsp/\libhal_bsp.a(alt_alarm_start.o)
 .bss           0x0000000000007640        0x0 C:/Users/thomas.oakes/Documents/FPGA/InterruptsNIOS_bsp/\libhal_bsp.a(alt_close.o)
 .bss           0x0000000000007640        0x0 C:/Users/thomas.oakes/Documents/FPGA/InterruptsNIOS_bsp/\libhal_bsp.a(alt_dcache_flush_all.o)
 .bss           0x0000000000007640        0x0 C:/Users/thomas.oakes/Documents/FPGA/InterruptsNIOS_bsp/\libhal_bsp.a(alt_dev.o)
 .bss           0x0000000000007640        0x0 C:/Users/thomas.oakes/Documents/FPGA/InterruptsNIOS_bsp/\libhal_bsp.a(alt_dev_llist_insert.o)
 .bss           0x0000000000007640        0x0 C:/Users/thomas.oakes/Documents/FPGA/InterruptsNIOS_bsp/\libhal_bsp.a(alt_do_ctors.o)
 .bss           0x0000000000007640        0x0 C:/Users/thomas.oakes/Documents/FPGA/InterruptsNIOS_bsp/\libhal_bsp.a(alt_do_dtors.o)
 .bss           0x0000000000007640        0x0 C:/Users/thomas.oakes/Documents/FPGA/InterruptsNIOS_bsp/\libhal_bsp.a(alt_errno.o)
 .bss           0x0000000000007640        0x0 C:/Users/thomas.oakes/Documents/FPGA/InterruptsNIOS_bsp/\libhal_bsp.a(alt_find_dev.o)
 .bss           0x0000000000007640        0x0 C:/Users/thomas.oakes/Documents/FPGA/InterruptsNIOS_bsp/\libhal_bsp.a(alt_icache_flush_all.o)
 .bss           0x0000000000007640        0x0 C:/Users/thomas.oakes/Documents/FPGA/InterruptsNIOS_bsp/\libhal_bsp.a(alt_io_redirect.o)
 .bss           0x0000000000007640        0x0 C:/Users/thomas.oakes/Documents/FPGA/InterruptsNIOS_bsp/\libhal_bsp.a(alt_irq_entry.o)
 .bss           0x0000000000007640        0x0 C:/Users/thomas.oakes/Documents/FPGA/InterruptsNIOS_bsp/\libhal_bsp.a(alt_irq_handler.o)
 .bss           0x0000000000007640        0x0 C:/Users/thomas.oakes/Documents/FPGA/InterruptsNIOS_bsp/\libhal_bsp.a(alt_open.o)
 .bss           0x0000000000007640        0x0 C:/Users/thomas.oakes/Documents/FPGA/InterruptsNIOS_bsp/\libhal_bsp.a(alt_release_fd.o)
 .bss           0x0000000000007640        0x0 C:/Users/thomas.oakes/Documents/FPGA/InterruptsNIOS_bsp/\libhal_bsp.a(alt_tick.o)
 .bss           0x0000000000007640        0x0 C:/Users/thomas.oakes/Documents/FPGA/InterruptsNIOS_bsp/\libhal_bsp.a(altera_nios2_gen2_irq.o)
 .bss           0x0000000000007640        0x0 C:/Users/thomas.oakes/Documents/FPGA/InterruptsNIOS_bsp/\libhal_bsp.a(alt_exception_entry.o)
 .bss           0x0000000000007640        0x0 C:/Users/thomas.oakes/Documents/FPGA/InterruptsNIOS_bsp/\libhal_bsp.a(alt_find_file.o)
 .bss           0x0000000000007640        0x0 C:/Users/thomas.oakes/Documents/FPGA/InterruptsNIOS_bsp/\libhal_bsp.a(alt_get_fd.o)
 .bss           0x0000000000007640        0x0 C:/Users/thomas.oakes/Documents/FPGA/InterruptsNIOS_bsp/\libhal_bsp.a(alt_icache_flush.o)
 .bss           0x0000000000007640        0x0 C:/Users/thomas.oakes/Documents/FPGA/InterruptsNIOS_bsp/\libhal_bsp.a(alt_instruction_exception_entry.o)
 .bss           0x0000000000007640        0x0 c:/altera/16.0/nios2eds/bin/gnu/h-x86_64-mingw32/bin/../lib/gcc/nios2-elf/5.2.0/../../../../../H-x86_64-mingw32/nios2-elf/lib/mhw-mulx\libc.a(lib_a-atexit.o)
 .bss           0x0000000000007640        0x0 c:/altera/16.0/nios2eds/bin/gnu/h-x86_64-mingw32/bin/../lib/gcc/nios2-elf/5.2.0/../../../../../H-x86_64-mingw32/nios2-elf/lib/mhw-mulx\libc.a(lib_a-exit.o)
 .bss           0x0000000000007640        0x0 c:/altera/16.0/nios2eds/bin/gnu/h-x86_64-mingw32/bin/../lib/gcc/nios2-elf/5.2.0/../../../../../H-x86_64-mingw32/nios2-elf/lib/mhw-mulx\libc.a(lib_a-impure.o)
 .bss           0x0000000000007640        0x0 c:/altera/16.0/nios2eds/bin/gnu/h-x86_64-mingw32/bin/../lib/gcc/nios2-elf/5.2.0/../../../../../H-x86_64-mingw32/nios2-elf/lib/mhw-mulx\libc.a(lib_a-int_errno.o)
 .bss           0x0000000000007640        0x0 c:/altera/16.0/nios2eds/bin/gnu/h-x86_64-mingw32/bin/../lib/gcc/nios2-elf/5.2.0/../../../../../H-x86_64-mingw32/nios2-elf/lib/mhw-mulx\libc.a(lib_a-memcmp.o)
 .bss           0x0000000000007640        0x0 c:/altera/16.0/nios2eds/bin/gnu/h-x86_64-mingw32/bin/../lib/gcc/nios2-elf/5.2.0/../../../../../H-x86_64-mingw32/nios2-elf/lib/mhw-mulx\libc.a(lib_a-strlen.o)
 .bss           0x0000000000007640        0x0 c:/altera/16.0/nios2eds/bin/gnu/h-x86_64-mingw32/bin/../lib/gcc/nios2-elf/5.2.0/../../../../../H-x86_64-mingw32/nios2-elf/lib/mhw-mulx\libc.a(lib_a-__atexit.o)
 .bss           0x0000000000007640        0x0 c:/altera/16.0/nios2eds/bin/gnu/h-x86_64-mingw32/bin/../lib/gcc/nios2-elf/5.2.0/../../../../../H-x86_64-mingw32/nios2-elf/lib/mhw-mulx\libc.a(lib_a-__call_atexit.o)
 .bss           0x0000000000007640        0x0 C:/Users/thomas.oakes/Documents/FPGA/InterruptsNIOS_bsp/\libhal_bsp.a(alt_exit.o)
 *(COMMON)
 COMMON         0x0000000000007640      0x100 C:/Users/thomas.oakes/Documents/FPGA/InterruptsNIOS_bsp/\libhal_bsp.a(alt_irq_handler.o)
                0x0000000000007640                alt_irq
                0x0000000000007740                . = ALIGN (0x4)
                0x0000000000007740                __bss_end = ABSOLUTE (.)

.SDRAM          0x0000000000007740        0x0
                [!provide]                        PROVIDE (_alt_partition_SDRAM_start, ABSOLUTE (.))
 *(.SDRAM .SDRAM. SDRAM.*)
                0x0000000000007740                . = ALIGN (0x4)
                [!provide]                        PROVIDE (_alt_partition_SDRAM_end, ABSOLUTE (.))
                0x0000000000007740                _end = ABSOLUTE (.)
                0x0000000000007740                end = ABSOLUTE (.)
                0x0000000000007740                __alt_stack_base = ABSOLUTE (.)
                [!provide]                        PROVIDE (_alt_partition_SDRAM_load_addr, LOADADDR (.SDRAM))

.VGA_Subsystem_Char_Buf_Subsystem_Onchip_SRAM
                0x0000000009000000        0x0 load address 0x0000000000007740
                [!provide]                        PROVIDE (_alt_partition_VGA_Subsystem_Char_Buf_Subsystem_Onchip_SRAM_start, ABSOLUTE (.))
 *(.VGA_Subsystem_Char_Buf_Subsystem_Onchip_SRAM .VGA_Subsystem_Char_Buf_Subsystem_Onchip_SRAM. VGA_Subsystem_Char_Buf_Subsystem_Onchip_SRAM.*)
                0x0000000009000000                . = ALIGN (0x4)
                [!provide]                        PROVIDE (_alt_partition_VGA_Subsystem_Char_Buf_Subsystem_Onchip_SRAM_end, ABSOLUTE (.))
                [!provide]                        PROVIDE (_alt_partition_VGA_Subsystem_Char_Buf_Subsystem_Onchip_SRAM_load_addr, LOADADDR (.VGA_Subsystem_Char_Buf_Subsystem_Onchip_SRAM))

.stab
 *(.stab)

.stabstr
 *(.stabstr)

.stab.excl
 *(.stab.excl)

.stab.exclstr
 *(.stab.exclstr)

.stab.index
 *(.stab.index)

.stab.indexstr
 *(.stab.indexstr)

.comment        0x0000000000000000       0x23
 *(.comment)
 .comment       0x0000000000000000       0x23 obj/default/HexDisplay.o
                                         0x24 (size before relaxing)
 .comment       0x0000000000000023       0x24 obj/default/InterruptDemo.o
 .comment       0x0000000000000023       0x24 obj/default/buttonISR.o
 .comment       0x0000000000000023       0x24 obj/default/lcd.o
 .comment       0x0000000000000023       0x24 obj/default/seven_seg_bcd.o
 .comment       0x0000000000000023       0x24 obj/default/seven_seg_hex.o
 .comment       0x0000000000000023       0x24 obj/default/timerISR.o
 .comment       0x0000000000000023       0x24 c:/altera/16.0/nios2eds/bin/gnu/h-x86_64-mingw32/bin/../lib/gcc/nios2-elf/5.2.0/../../../../../H-x86_64-mingw32/nios2-elf/lib/mhw-mulx\libc.a(lib_a-memcpy.o)
 .comment       0x0000000000000023       0x24 C:/Users/thomas.oakes/Documents/FPGA/InterruptsNIOS_bsp/\libhal_bsp.a(alt_irq_register.o)
 .comment       0x0000000000000023       0x24 C:/Users/thomas.oakes/Documents/FPGA/InterruptsNIOS_bsp/\libhal_bsp.a(alt_irq_vars.o)
 .comment       0x0000000000000023       0x24 C:/Users/thomas.oakes/Documents/FPGA/InterruptsNIOS_bsp/\libhal_bsp.a(alt_load.o)
 .comment       0x0000000000000023       0x24 C:/Users/thomas.oakes/Documents/FPGA/InterruptsNIOS_bsp/\libhal_bsp.a(alt_main.o)
 .comment       0x0000000000000023       0x24 C:/Users/thomas.oakes/Documents/FPGA/InterruptsNIOS_bsp/\libhal_bsp.a(alt_sys_init.o)
 .comment       0x0000000000000023       0x24 C:/Users/thomas.oakes/Documents/FPGA/InterruptsNIOS_bsp/\libhal_bsp.a(altera_avalon_jtag_uart_fd.o)
 .comment       0x0000000000000023       0x24 C:/Users/thomas.oakes/Documents/FPGA/InterruptsNIOS_bsp/\libhal_bsp.a(altera_avalon_jtag_uart_init.o)
 .comment       0x0000000000000023       0x24 C:/Users/thomas.oakes/Documents/FPGA/InterruptsNIOS_bsp/\libhal_bsp.a(altera_avalon_jtag_uart_ioctl.o)
 .comment       0x0000000000000023       0x24 C:/Users/thomas.oakes/Documents/FPGA/InterruptsNIOS_bsp/\libhal_bsp.a(altera_avalon_jtag_uart_read.o)
 .comment       0x0000000000000023       0x24 C:/Users/thomas.oakes/Documents/FPGA/InterruptsNIOS_bsp/\libhal_bsp.a(altera_avalon_jtag_uart_write.o)
 .comment       0x0000000000000023       0x24 C:/Users/thomas.oakes/Documents/FPGA/InterruptsNIOS_bsp/\libhal_bsp.a(altera_avalon_timer_sc.o)
 .comment       0x0000000000000023       0x24 C:/Users/thomas.oakes/Documents/FPGA/InterruptsNIOS_bsp/\libhal_bsp.a(altera_up_avalon_character_lcd.o)
 .comment       0x0000000000000023       0x24 C:/Users/thomas.oakes/Documents/FPGA/InterruptsNIOS_bsp/\libhal_bsp.a(altera_up_avalon_irda.o)
 .comment       0x0000000000000023       0x24 C:/Users/thomas.oakes/Documents/FPGA/InterruptsNIOS_bsp/\libhal_bsp.a(altera_up_avalon_ps2.o)
 .comment       0x0000000000000023       0x24 C:/Users/thomas.oakes/Documents/FPGA/InterruptsNIOS_bsp/\libhal_bsp.a(altera_up_avalon_rs232.o)
 .comment       0x0000000000000023       0x24 C:/Users/thomas.oakes/Documents/FPGA/InterruptsNIOS_bsp/\libhal_bsp.a(alt_alarm_start.o)
 .comment       0x0000000000000023       0x24 C:/Users/thomas.oakes/Documents/FPGA/InterruptsNIOS_bsp/\libhal_bsp.a(alt_close.o)
 .comment       0x0000000000000023       0x24 C:/Users/thomas.oakes/Documents/FPGA/InterruptsNIOS_bsp/\libhal_bsp.a(alt_dcache_flush_all.o)
 .comment       0x0000000000000023       0x24 C:/Users/thomas.oakes/Documents/FPGA/InterruptsNIOS_bsp/\libhal_bsp.a(alt_dev.o)
 .comment       0x0000000000000023       0x24 C:/Users/thomas.oakes/Documents/FPGA/InterruptsNIOS_bsp/\libhal_bsp.a(alt_dev_llist_insert.o)
 .comment       0x0000000000000023       0x24 C:/Users/thomas.oakes/Documents/FPGA/InterruptsNIOS_bsp/\libhal_bsp.a(alt_do_ctors.o)
 .comment       0x0000000000000023       0x24 C:/Users/thomas.oakes/Documents/FPGA/InterruptsNIOS_bsp/\libhal_bsp.a(alt_do_dtors.o)
 .comment       0x0000000000000023       0x24 C:/Users/thomas.oakes/Documents/FPGA/InterruptsNIOS_bsp/\libhal_bsp.a(alt_errno.o)
 .comment       0x0000000000000023       0x24 C:/Users/thomas.oakes/Documents/FPGA/InterruptsNIOS_bsp/\libhal_bsp.a(alt_find_dev.o)
 .comment       0x0000000000000023       0x24 C:/Users/thomas.oakes/Documents/FPGA/InterruptsNIOS_bsp/\libhal_bsp.a(alt_icache_flush_all.o)
 .comment       0x0000000000000023       0x24 C:/Users/thomas.oakes/Documents/FPGA/InterruptsNIOS_bsp/\libhal_bsp.a(alt_io_redirect.o)
 .comment       0x0000000000000023       0x24 C:/Users/thomas.oakes/Documents/FPGA/InterruptsNIOS_bsp/\libhal_bsp.a(alt_irq_handler.o)
 .comment       0x0000000000000023       0x24 C:/Users/thomas.oakes/Documents/FPGA/InterruptsNIOS_bsp/\libhal_bsp.a(alt_open.o)
 .comment       0x0000000000000023       0x24 C:/Users/thomas.oakes/Documents/FPGA/InterruptsNIOS_bsp/\libhal_bsp.a(alt_release_fd.o)
 .comment       0x0000000000000023       0x24 C:/Users/thomas.oakes/Documents/FPGA/InterruptsNIOS_bsp/\libhal_bsp.a(alt_tick.o)
 .comment       0x0000000000000023       0x24 C:/Users/thomas.oakes/Documents/FPGA/InterruptsNIOS_bsp/\libhal_bsp.a(altera_nios2_gen2_irq.o)
 .comment       0x0000000000000023       0x24 C:/Users/thomas.oakes/Documents/FPGA/InterruptsNIOS_bsp/\libhal_bsp.a(alt_find_file.o)
 .comment       0x0000000000000023       0x24 C:/Users/thomas.oakes/Documents/FPGA/InterruptsNIOS_bsp/\libhal_bsp.a(alt_get_fd.o)
 .comment       0x0000000000000023       0x24 C:/Users/thomas.oakes/Documents/FPGA/InterruptsNIOS_bsp/\libhal_bsp.a(alt_icache_flush.o)
 .comment       0x0000000000000023       0x24 C:/Users/thomas.oakes/Documents/FPGA/InterruptsNIOS_bsp/\libhal_bsp.a(alt_instruction_exception_entry.o)
 .comment       0x0000000000000023       0x24 c:/altera/16.0/nios2eds/bin/gnu/h-x86_64-mingw32/bin/../lib/gcc/nios2-elf/5.2.0/../../../../../H-x86_64-mingw32/nios2-elf/lib/mhw-mulx\libc.a(lib_a-atexit.o)
 .comment       0x0000000000000023       0x24 c:/altera/16.0/nios2eds/bin/gnu/h-x86_64-mingw32/bin/../lib/gcc/nios2-elf/5.2.0/../../../../../H-x86_64-mingw32/nios2-elf/lib/mhw-mulx\libc.a(lib_a-exit.o)
 .comment       0x0000000000000023       0x24 c:/altera/16.0/nios2eds/bin/gnu/h-x86_64-mingw32/bin/../lib/gcc/nios2-elf/5.2.0/../../../../../H-x86_64-mingw32/nios2-elf/lib/mhw-mulx\libc.a(lib_a-impure.o)
 .comment       0x0000000000000023       0x24 c:/altera/16.0/nios2eds/bin/gnu/h-x86_64-mingw32/bin/../lib/gcc/nios2-elf/5.2.0/../../../../../H-x86_64-mingw32/nios2-elf/lib/mhw-mulx\libc.a(lib_a-int_errno.o)
 .comment       0x0000000000000023       0x24 c:/altera/16.0/nios2eds/bin/gnu/h-x86_64-mingw32/bin/../lib/gcc/nios2-elf/5.2.0/../../../../../H-x86_64-mingw32/nios2-elf/lib/mhw-mulx\libc.a(lib_a-memcmp.o)
 .comment       0x0000000000000023       0x24 c:/altera/16.0/nios2eds/bin/gnu/h-x86_64-mingw32/bin/../lib/gcc/nios2-elf/5.2.0/../../../../../H-x86_64-mingw32/nios2-elf/lib/mhw-mulx\libc.a(lib_a-strlen.o)
 .comment       0x0000000000000023       0x24 c:/altera/16.0/nios2eds/bin/gnu/h-x86_64-mingw32/bin/../lib/gcc/nios2-elf/5.2.0/../../../../../H-x86_64-mingw32/nios2-elf/lib/mhw-mulx\libc.a(lib_a-__atexit.o)
 .comment       0x0000000000000023       0x24 c:/altera/16.0/nios2eds/bin/gnu/h-x86_64-mingw32/bin/../lib/gcc/nios2-elf/5.2.0/../../../../../H-x86_64-mingw32/nios2-elf/lib/mhw-mulx\libc.a(lib_a-__call_atexit.o)
 .comment       0x0000000000000023       0x24 C:/Users/thomas.oakes/Documents/FPGA/InterruptsNIOS_bsp/\libhal_bsp.a(alt_exit.o)

.debug
 *(.debug)

.line
 *(.line)

.debug_srcinfo
 *(.debug_srcinfo)

.debug_sfnames
 *(.debug_sfnames)

.debug_aranges  0x0000000000000000      0x6f8
 *(.debug_aranges)
 .debug_aranges
                0x0000000000000000       0x28 C:/Users/thomas.oakes/Documents/FPGA/InterruptsNIOS_bsp//obj/HAL/src/crt0.o
 .debug_aranges
                0x0000000000000028       0x20 obj/default/HexDisplay.o
 .debug_aranges
                0x0000000000000048       0x20 obj/default/InterruptDemo.o
 .debug_aranges
                0x0000000000000068       0x20 obj/default/buttonISR.o
 .debug_aranges
                0x0000000000000088       0x20 obj/default/lcd.o
 .debug_aranges
                0x00000000000000a8       0x20 obj/default/seven_seg_bcd.o
 .debug_aranges
                0x00000000000000c8       0x20 obj/default/seven_seg_hex.o
 .debug_aranges
                0x00000000000000e8       0x20 obj/default/timerISR.o
 .debug_aranges
                0x0000000000000108       0x20 c:/altera/16.0/nios2eds/bin/gnu/h-x86_64-mingw32/bin/../lib/gcc/nios2-elf/5.2.0/../../../../../H-x86_64-mingw32/nios2-elf/lib/mhw-mulx\libc.a(lib_a-memcpy.o)
 .debug_aranges
                0x0000000000000128       0x20 C:/Users/thomas.oakes/Documents/FPGA/InterruptsNIOS_bsp/\libhal_bsp.a(alt_irq_register.o)
 .debug_aranges
                0x0000000000000148       0x18 C:/Users/thomas.oakes/Documents/FPGA/InterruptsNIOS_bsp/\libhal_bsp.a(alt_irq_vars.o)
 .debug_aranges
                0x0000000000000160       0x20 C:/Users/thomas.oakes/Documents/FPGA/InterruptsNIOS_bsp/\libhal_bsp.a(alt_load.o)
 .debug_aranges
                0x0000000000000180       0x20 C:/Users/thomas.oakes/Documents/FPGA/InterruptsNIOS_bsp/\libhal_bsp.a(alt_main.o)
 .debug_aranges
                0x00000000000001a0       0x20 C:/Users/thomas.oakes/Documents/FPGA/InterruptsNIOS_bsp/\libhal_bsp.a(alt_sys_init.o)
 .debug_aranges
                0x00000000000001c0       0x20 C:/Users/thomas.oakes/Documents/FPGA/InterruptsNIOS_bsp/\libhal_bsp.a(altera_avalon_jtag_uart_fd.o)
 .debug_aranges
                0x00000000000001e0       0x20 C:/Users/thomas.oakes/Documents/FPGA/InterruptsNIOS_bsp/\libhal_bsp.a(altera_avalon_jtag_uart_init.o)
 .debug_aranges
                0x0000000000000200       0x20 C:/Users/thomas.oakes/Documents/FPGA/InterruptsNIOS_bsp/\libhal_bsp.a(altera_avalon_jtag_uart_ioctl.o)
 .debug_aranges
                0x0000000000000220       0x20 C:/Users/thomas.oakes/Documents/FPGA/InterruptsNIOS_bsp/\libhal_bsp.a(altera_avalon_jtag_uart_read.o)
 .debug_aranges
                0x0000000000000240       0x20 C:/Users/thomas.oakes/Documents/FPGA/InterruptsNIOS_bsp/\libhal_bsp.a(altera_avalon_jtag_uart_write.o)
 .debug_aranges
                0x0000000000000260       0x20 C:/Users/thomas.oakes/Documents/FPGA/InterruptsNIOS_bsp/\libhal_bsp.a(altera_avalon_timer_sc.o)
 .debug_aranges
                0x0000000000000280       0x20 C:/Users/thomas.oakes/Documents/FPGA/InterruptsNIOS_bsp/\libhal_bsp.a(altera_up_avalon_character_lcd.o)
 .debug_aranges
                0x00000000000002a0       0x20 C:/Users/thomas.oakes/Documents/FPGA/InterruptsNIOS_bsp/\libhal_bsp.a(altera_up_avalon_irda.o)
 .debug_aranges
                0x00000000000002c0       0x20 C:/Users/thomas.oakes/Documents/FPGA/InterruptsNIOS_bsp/\libhal_bsp.a(altera_up_avalon_ps2.o)
 .debug_aranges
                0x00000000000002e0       0x20 C:/Users/thomas.oakes/Documents/FPGA/InterruptsNIOS_bsp/\libhal_bsp.a(altera_up_avalon_rs232.o)
 .debug_aranges
                0x0000000000000300       0x20 C:/Users/thomas.oakes/Documents/FPGA/InterruptsNIOS_bsp/\libhal_bsp.a(alt_alarm_start.o)
 .debug_aranges
                0x0000000000000320       0x20 C:/Users/thomas.oakes/Documents/FPGA/InterruptsNIOS_bsp/\libhal_bsp.a(alt_close.o)
 .debug_aranges
                0x0000000000000340       0x20 C:/Users/thomas.oakes/Documents/FPGA/InterruptsNIOS_bsp/\libhal_bsp.a(alt_dcache_flush_all.o)
 .debug_aranges
                0x0000000000000360       0x20 C:/Users/thomas.oakes/Documents/FPGA/InterruptsNIOS_bsp/\libhal_bsp.a(alt_dev.o)
 .debug_aranges
                0x0000000000000380       0x20 C:/Users/thomas.oakes/Documents/FPGA/InterruptsNIOS_bsp/\libhal_bsp.a(alt_dev_llist_insert.o)
 .debug_aranges
                0x00000000000003a0       0x20 C:/Users/thomas.oakes/Documents/FPGA/InterruptsNIOS_bsp/\libhal_bsp.a(alt_do_ctors.o)
 .debug_aranges
                0x00000000000003c0       0x20 C:/Users/thomas.oakes/Documents/FPGA/InterruptsNIOS_bsp/\libhal_bsp.a(alt_do_dtors.o)
 .debug_aranges
                0x00000000000003e0       0x18 C:/Users/thomas.oakes/Documents/FPGA/InterruptsNIOS_bsp/\libhal_bsp.a(alt_errno.o)
 .debug_aranges
                0x00000000000003f8       0x20 C:/Users/thomas.oakes/Documents/FPGA/InterruptsNIOS_bsp/\libhal_bsp.a(alt_find_dev.o)
 .debug_aranges
                0x0000000000000418       0x20 C:/Users/thomas.oakes/Documents/FPGA/InterruptsNIOS_bsp/\libhal_bsp.a(alt_icache_flush_all.o)
 .debug_aranges
                0x0000000000000438       0x20 C:/Users/thomas.oakes/Documents/FPGA/InterruptsNIOS_bsp/\libhal_bsp.a(alt_io_redirect.o)
 .debug_aranges
                0x0000000000000458       0x30 C:/Users/thomas.oakes/Documents/FPGA/InterruptsNIOS_bsp/\libhal_bsp.a(alt_irq_entry.o)
 .debug_aranges
                0x0000000000000488       0x20 C:/Users/thomas.oakes/Documents/FPGA/InterruptsNIOS_bsp/\libhal_bsp.a(alt_irq_handler.o)
 .debug_aranges
                0x00000000000004a8       0x20 C:/Users/thomas.oakes/Documents/FPGA/InterruptsNIOS_bsp/\libhal_bsp.a(alt_open.o)
 .debug_aranges
                0x00000000000004c8       0x20 C:/Users/thomas.oakes/Documents/FPGA/InterruptsNIOS_bsp/\libhal_bsp.a(alt_release_fd.o)
 .debug_aranges
                0x00000000000004e8       0x20 C:/Users/thomas.oakes/Documents/FPGA/InterruptsNIOS_bsp/\libhal_bsp.a(alt_tick.o)
 .debug_aranges
                0x0000000000000508       0x20 C:/Users/thomas.oakes/Documents/FPGA/InterruptsNIOS_bsp/\libhal_bsp.a(altera_nios2_gen2_irq.o)
 .debug_aranges
                0x0000000000000528       0x38 C:/Users/thomas.oakes/Documents/FPGA/InterruptsNIOS_bsp/\libhal_bsp.a(alt_exception_entry.o)
 .debug_aranges
                0x0000000000000560       0x20 C:/Users/thomas.oakes/Documents/FPGA/InterruptsNIOS_bsp/\libhal_bsp.a(alt_find_file.o)
 .debug_aranges
                0x0000000000000580       0x20 C:/Users/thomas.oakes/Documents/FPGA/InterruptsNIOS_bsp/\libhal_bsp.a(alt_get_fd.o)
 .debug_aranges
                0x00000000000005a0       0x20 C:/Users/thomas.oakes/Documents/FPGA/InterruptsNIOS_bsp/\libhal_bsp.a(alt_icache_flush.o)
 .debug_aranges
                0x00000000000005c0       0x28 C:/Users/thomas.oakes/Documents/FPGA/InterruptsNIOS_bsp/\libhal_bsp.a(alt_instruction_exception_entry.o)
 .debug_aranges
                0x00000000000005e8       0x20 c:/altera/16.0/nios2eds/bin/gnu/h-x86_64-mingw32/bin/../lib/gcc/nios2-elf/5.2.0/../../../../../H-x86_64-mingw32/nios2-elf/lib/mhw-mulx\libc.a(lib_a-atexit.o)
 .debug_aranges
                0x0000000000000608       0x20 c:/altera/16.0/nios2eds/bin/gnu/h-x86_64-mingw32/bin/../lib/gcc/nios2-elf/5.2.0/../../../../../H-x86_64-mingw32/nios2-elf/lib/mhw-mulx\libc.a(lib_a-exit.o)
 .debug_aranges
                0x0000000000000628       0x18 c:/altera/16.0/nios2eds/bin/gnu/h-x86_64-mingw32/bin/../lib/gcc/nios2-elf/5.2.0/../../../../../H-x86_64-mingw32/nios2-elf/lib/mhw-mulx\libc.a(lib_a-impure.o)
 .debug_aranges
                0x0000000000000640       0x18 c:/altera/16.0/nios2eds/bin/gnu/h-x86_64-mingw32/bin/../lib/gcc/nios2-elf/5.2.0/../../../../../H-x86_64-mingw32/nios2-elf/lib/mhw-mulx\libc.a(lib_a-int_errno.o)
 .debug_aranges
                0x0000000000000658       0x20 c:/altera/16.0/nios2eds/bin/gnu/h-x86_64-mingw32/bin/../lib/gcc/nios2-elf/5.2.0/../../../../../H-x86_64-mingw32/nios2-elf/lib/mhw-mulx\libc.a(lib_a-memcmp.o)
 .debug_aranges
                0x0000000000000678       0x20 c:/altera/16.0/nios2eds/bin/gnu/h-x86_64-mingw32/bin/../lib/gcc/nios2-elf/5.2.0/../../../../../H-x86_64-mingw32/nios2-elf/lib/mhw-mulx\libc.a(lib_a-strlen.o)
 .debug_aranges
                0x0000000000000698       0x20 c:/altera/16.0/nios2eds/bin/gnu/h-x86_64-mingw32/bin/../lib/gcc/nios2-elf/5.2.0/../../../../../H-x86_64-mingw32/nios2-elf/lib/mhw-mulx\libc.a(lib_a-__atexit.o)
 .debug_aranges
                0x00000000000006b8       0x20 c:/altera/16.0/nios2eds/bin/gnu/h-x86_64-mingw32/bin/../lib/gcc/nios2-elf/5.2.0/../../../../../H-x86_64-mingw32/nios2-elf/lib/mhw-mulx\libc.a(lib_a-__call_atexit.o)
 .debug_aranges
                0x00000000000006d8       0x20 C:/Users/thomas.oakes/Documents/FPGA/InterruptsNIOS_bsp/\libhal_bsp.a(alt_exit.o)

.debug_pubnames
 *(.debug_pubnames)

.debug_info     0x0000000000000000     0x995d
 *(.debug_info .gnu.linkonce.wi.*)
 .debug_info    0x0000000000000000       0x6c C:/Users/thomas.oakes/Documents/FPGA/InterruptsNIOS_bsp//obj/HAL/src/crt0.o
 .debug_info    0x000000000000006c       0xac obj/default/HexDisplay.o
 .debug_info    0x0000000000000118       0xe6 obj/default/InterruptDemo.o
 .debug_info    0x00000000000001fe       0xbb obj/default/buttonISR.o
 .debug_info    0x00000000000002b9       0xe1 obj/default/lcd.o
 .debug_info    0x000000000000039a      0x14b obj/default/seven_seg_bcd.o
 .debug_info    0x00000000000004e5      0x143 obj/default/seven_seg_hex.o
 .debug_info    0x0000000000000628       0xbb obj/default/timerISR.o
 .debug_info    0x00000000000006e3      0x144 c:/altera/16.0/nios2eds/bin/gnu/h-x86_64-mingw32/bin/../lib/gcc/nios2-elf/5.2.0/../../../../../H-x86_64-mingw32/nios2-elf/lib/mhw-mulx\libc.a(lib_a-memcpy.o)
 .debug_info    0x0000000000000827      0x329 C:/Users/thomas.oakes/Documents/FPGA/InterruptsNIOS_bsp/\libhal_bsp.a(alt_irq_register.o)
 .debug_info    0x0000000000000b50       0x88 C:/Users/thomas.oakes/Documents/FPGA/InterruptsNIOS_bsp/\libhal_bsp.a(alt_irq_vars.o)
 .debug_info    0x0000000000000bd8      0x145 C:/Users/thomas.oakes/Documents/FPGA/InterruptsNIOS_bsp/\libhal_bsp.a(alt_load.o)
 .debug_info    0x0000000000000d1d      0x157 C:/Users/thomas.oakes/Documents/FPGA/InterruptsNIOS_bsp/\libhal_bsp.a(alt_main.o)
 .debug_info    0x0000000000000e74      0x959 C:/Users/thomas.oakes/Documents/FPGA/InterruptsNIOS_bsp/\libhal_bsp.a(alt_sys_init.o)
 .debug_info    0x00000000000017cd      0x52e C:/Users/thomas.oakes/Documents/FPGA/InterruptsNIOS_bsp/\libhal_bsp.a(altera_avalon_jtag_uart_fd.o)
 .debug_info    0x0000000000001cfb      0x3c3 C:/Users/thomas.oakes/Documents/FPGA/InterruptsNIOS_bsp/\libhal_bsp.a(altera_avalon_jtag_uart_init.o)
 .debug_info    0x00000000000020be      0x280 C:/Users/thomas.oakes/Documents/FPGA/InterruptsNIOS_bsp/\libhal_bsp.a(altera_avalon_jtag_uart_ioctl.o)
 .debug_info    0x000000000000233e      0x35b C:/Users/thomas.oakes/Documents/FPGA/InterruptsNIOS_bsp/\libhal_bsp.a(altera_avalon_jtag_uart_read.o)
 .debug_info    0x0000000000002699      0x356 C:/Users/thomas.oakes/Documents/FPGA/InterruptsNIOS_bsp/\libhal_bsp.a(altera_avalon_jtag_uart_write.o)
 .debug_info    0x00000000000029ef      0x249 C:/Users/thomas.oakes/Documents/FPGA/InterruptsNIOS_bsp/\libhal_bsp.a(altera_avalon_timer_sc.o)
 .debug_info    0x0000000000002c38      0x601 C:/Users/thomas.oakes/Documents/FPGA/InterruptsNIOS_bsp/\libhal_bsp.a(altera_up_avalon_character_lcd.o)
 .debug_info    0x0000000000003239      0x568 C:/Users/thomas.oakes/Documents/FPGA/InterruptsNIOS_bsp/\libhal_bsp.a(altera_up_avalon_irda.o)
 .debug_info    0x00000000000037a1      0x7d4 C:/Users/thomas.oakes/Documents/FPGA/InterruptsNIOS_bsp/\libhal_bsp.a(altera_up_avalon_ps2.o)
 .debug_info    0x0000000000003f75      0x568 C:/Users/thomas.oakes/Documents/FPGA/InterruptsNIOS_bsp/\libhal_bsp.a(altera_up_avalon_rs232.o)
 .debug_info    0x00000000000044dd      0x2e2 C:/Users/thomas.oakes/Documents/FPGA/InterruptsNIOS_bsp/\libhal_bsp.a(alt_alarm_start.o)
 .debug_info    0x00000000000047bf      0x321 C:/Users/thomas.oakes/Documents/FPGA/InterruptsNIOS_bsp/\libhal_bsp.a(alt_close.o)
 .debug_info    0x0000000000004ae0       0x92 C:/Users/thomas.oakes/Documents/FPGA/InterruptsNIOS_bsp/\libhal_bsp.a(alt_dcache_flush_all.o)
 .debug_info    0x0000000000004b72      0x49c C:/Users/thomas.oakes/Documents/FPGA/InterruptsNIOS_bsp/\libhal_bsp.a(alt_dev.o)
 .debug_info    0x000000000000500e      0x1a9 C:/Users/thomas.oakes/Documents/FPGA/InterruptsNIOS_bsp/\libhal_bsp.a(alt_dev_llist_insert.o)
 .debug_info    0x00000000000051b7       0x83 C:/Users/thomas.oakes/Documents/FPGA/InterruptsNIOS_bsp/\libhal_bsp.a(alt_do_ctors.o)
 .debug_info    0x000000000000523a       0x83 C:/Users/thomas.oakes/Documents/FPGA/InterruptsNIOS_bsp/\libhal_bsp.a(alt_do_dtors.o)
 .debug_info    0x00000000000052bd       0xa6 C:/Users/thomas.oakes/Documents/FPGA/InterruptsNIOS_bsp/\libhal_bsp.a(alt_errno.o)
 .debug_info    0x0000000000005363      0x2e9 C:/Users/thomas.oakes/Documents/FPGA/InterruptsNIOS_bsp/\libhal_bsp.a(alt_find_dev.o)
 .debug_info    0x000000000000564c       0x92 C:/Users/thomas.oakes/Documents/FPGA/InterruptsNIOS_bsp/\libhal_bsp.a(alt_icache_flush_all.o)
 .debug_info    0x00000000000056de      0x4a5 C:/Users/thomas.oakes/Documents/FPGA/InterruptsNIOS_bsp/\libhal_bsp.a(alt_io_redirect.o)
 .debug_info    0x0000000000005b83       0x75 C:/Users/thomas.oakes/Documents/FPGA/InterruptsNIOS_bsp/\libhal_bsp.a(alt_irq_entry.o)
 .debug_info    0x0000000000005bf8      0x1a7 C:/Users/thomas.oakes/Documents/FPGA/InterruptsNIOS_bsp/\libhal_bsp.a(alt_irq_handler.o)
 .debug_info    0x0000000000005d9f      0x3bb C:/Users/thomas.oakes/Documents/FPGA/InterruptsNIOS_bsp/\libhal_bsp.a(alt_open.o)
 .debug_info    0x000000000000615a      0x2b0 C:/Users/thomas.oakes/Documents/FPGA/InterruptsNIOS_bsp/\libhal_bsp.a(alt_release_fd.o)
 .debug_info    0x000000000000640a      0x2af C:/Users/thomas.oakes/Documents/FPGA/InterruptsNIOS_bsp/\libhal_bsp.a(alt_tick.o)
 .debug_info    0x00000000000066b9       0xb8 C:/Users/thomas.oakes/Documents/FPGA/InterruptsNIOS_bsp/\libhal_bsp.a(altera_nios2_gen2_irq.o)
 .debug_info    0x0000000000006771       0x7b C:/Users/thomas.oakes/Documents/FPGA/InterruptsNIOS_bsp/\libhal_bsp.a(alt_exception_entry.o)
 .debug_info    0x00000000000067ec      0x2e6 C:/Users/thomas.oakes/Documents/FPGA/InterruptsNIOS_bsp/\libhal_bsp.a(alt_find_file.o)
 .debug_info    0x0000000000006ad2      0x310 C:/Users/thomas.oakes/Documents/FPGA/InterruptsNIOS_bsp/\libhal_bsp.a(alt_get_fd.o)
 .debug_info    0x0000000000006de2       0xdc C:/Users/thomas.oakes/Documents/FPGA/InterruptsNIOS_bsp/\libhal_bsp.a(alt_icache_flush.o)
 .debug_info    0x0000000000006ebe      0x1e7 C:/Users/thomas.oakes/Documents/FPGA/InterruptsNIOS_bsp/\libhal_bsp.a(alt_instruction_exception_entry.o)
 .debug_info    0x00000000000070a5       0xfe c:/altera/16.0/nios2eds/bin/gnu/h-x86_64-mingw32/bin/../lib/gcc/nios2-elf/5.2.0/../../../../../H-x86_64-mingw32/nios2-elf/lib/mhw-mulx\libc.a(lib_a-atexit.o)
 .debug_info    0x00000000000071a3      0x8e4 c:/altera/16.0/nios2eds/bin/gnu/h-x86_64-mingw32/bin/../lib/gcc/nios2-elf/5.2.0/../../../../../H-x86_64-mingw32/nios2-elf/lib/mhw-mulx\libc.a(lib_a-exit.o)
 .debug_info    0x0000000000007a87      0x8a1 c:/altera/16.0/nios2eds/bin/gnu/h-x86_64-mingw32/bin/../lib/gcc/nios2-elf/5.2.0/../../../../../H-x86_64-mingw32/nios2-elf/lib/mhw-mulx\libc.a(lib_a-impure.o)
 .debug_info    0x0000000000008328       0x8a c:/altera/16.0/nios2eds/bin/gnu/h-x86_64-mingw32/bin/../lib/gcc/nios2-elf/5.2.0/../../../../../H-x86_64-mingw32/nios2-elf/lib/mhw-mulx\libc.a(lib_a-int_errno.o)
 .debug_info    0x00000000000083b2      0x11a c:/altera/16.0/nios2eds/bin/gnu/h-x86_64-mingw32/bin/../lib/gcc/nios2-elf/5.2.0/../../../../../H-x86_64-mingw32/nios2-elf/lib/mhw-mulx\libc.a(lib_a-memcmp.o)
 .debug_info    0x00000000000084cc       0xe2 c:/altera/16.0/nios2eds/bin/gnu/h-x86_64-mingw32/bin/../lib/gcc/nios2-elf/5.2.0/../../../../../H-x86_64-mingw32/nios2-elf/lib/mhw-mulx\libc.a(lib_a-strlen.o)
 .debug_info    0x00000000000085ae      0x934 c:/altera/16.0/nios2eds/bin/gnu/h-x86_64-mingw32/bin/../lib/gcc/nios2-elf/5.2.0/../../../../../H-x86_64-mingw32/nios2-elf/lib/mhw-mulx\libc.a(lib_a-__atexit.o)
 .debug_info    0x0000000000008ee2      0x965 c:/altera/16.0/nios2eds/bin/gnu/h-x86_64-mingw32/bin/../lib/gcc/nios2-elf/5.2.0/../../../../../H-x86_64-mingw32/nios2-elf/lib/mhw-mulx\libc.a(lib_a-__call_atexit.o)
 .debug_info    0x0000000000009847      0x116 C:/Users/thomas.oakes/Documents/FPGA/InterruptsNIOS_bsp/\libhal_bsp.a(alt_exit.o)

.debug_abbrev   0x0000000000000000     0x32c8
 *(.debug_abbrev)
 .debug_abbrev  0x0000000000000000       0x12 C:/Users/thomas.oakes/Documents/FPGA/InterruptsNIOS_bsp//obj/HAL/src/crt0.o
 .debug_abbrev  0x0000000000000012       0x6d obj/default/HexDisplay.o
 .debug_abbrev  0x000000000000007f       0x90 obj/default/InterruptDemo.o
 .debug_abbrev  0x000000000000010f       0x83 obj/default/buttonISR.o
 .debug_abbrev  0x0000000000000192       0x99 obj/default/lcd.o
 .debug_abbrev  0x000000000000022b       0xaf obj/default/seven_seg_bcd.o
 .debug_abbrev  0x00000000000002da       0xa8 obj/default/seven_seg_hex.o
 .debug_abbrev  0x0000000000000382       0x83 obj/default/timerISR.o
 .debug_abbrev  0x0000000000000405       0xa3 c:/altera/16.0/nios2eds/bin/gnu/h-x86_64-mingw32/bin/../lib/gcc/nios2-elf/5.2.0/../../../../../H-x86_64-mingw32/nios2-elf/lib/mhw-mulx\libc.a(lib_a-memcpy.o)
 .debug_abbrev  0x00000000000004a8      0x186 C:/Users/thomas.oakes/Documents/FPGA/InterruptsNIOS_bsp/\libhal_bsp.a(alt_irq_register.o)
 .debug_abbrev  0x000000000000062e       0x40 C:/Users/thomas.oakes/Documents/FPGA/InterruptsNIOS_bsp/\libhal_bsp.a(alt_irq_vars.o)
 .debug_abbrev  0x000000000000066e       0x9f C:/Users/thomas.oakes/Documents/FPGA/InterruptsNIOS_bsp/\libhal_bsp.a(alt_load.o)
 .debug_abbrev  0x000000000000070d       0xc1 C:/Users/thomas.oakes/Documents/FPGA/InterruptsNIOS_bsp/\libhal_bsp.a(alt_main.o)
 .debug_abbrev  0x00000000000007ce      0x19f C:/Users/thomas.oakes/Documents/FPGA/InterruptsNIOS_bsp/\libhal_bsp.a(alt_sys_init.o)
 .debug_abbrev  0x000000000000096d      0x127 C:/Users/thomas.oakes/Documents/FPGA/InterruptsNIOS_bsp/\libhal_bsp.a(altera_avalon_jtag_uart_fd.o)
 .debug_abbrev  0x0000000000000a94      0x19e C:/Users/thomas.oakes/Documents/FPGA/InterruptsNIOS_bsp/\libhal_bsp.a(altera_avalon_jtag_uart_init.o)
 .debug_abbrev  0x0000000000000c32      0x111 C:/Users/thomas.oakes/Documents/FPGA/InterruptsNIOS_bsp/\libhal_bsp.a(altera_avalon_jtag_uart_ioctl.o)
 .debug_abbrev  0x0000000000000d43      0x1aa C:/Users/thomas.oakes/Documents/FPGA/InterruptsNIOS_bsp/\libhal_bsp.a(altera_avalon_jtag_uart_read.o)
 .debug_abbrev  0x0000000000000eed      0x1a8 C:/Users/thomas.oakes/Documents/FPGA/InterruptsNIOS_bsp/\libhal_bsp.a(altera_avalon_jtag_uart_write.o)
 .debug_abbrev  0x0000000000001095      0x155 C:/Users/thomas.oakes/Documents/FPGA/InterruptsNIOS_bsp/\libhal_bsp.a(altera_avalon_timer_sc.o)
 .debug_abbrev  0x00000000000011ea      0x156 C:/Users/thomas.oakes/Documents/FPGA/InterruptsNIOS_bsp/\libhal_bsp.a(altera_up_avalon_character_lcd.o)
 .debug_abbrev  0x0000000000001340      0x135 C:/Users/thomas.oakes/Documents/FPGA/InterruptsNIOS_bsp/\libhal_bsp.a(altera_up_avalon_irda.o)
 .debug_abbrev  0x0000000000001475      0x1a1 C:/Users/thomas.oakes/Documents/FPGA/InterruptsNIOS_bsp/\libhal_bsp.a(altera_up_avalon_ps2.o)
 .debug_abbrev  0x0000000000001616      0x135 C:/Users/thomas.oakes/Documents/FPGA/InterruptsNIOS_bsp/\libhal_bsp.a(altera_up_avalon_rs232.o)
 .debug_abbrev  0x000000000000174b      0x162 C:/Users/thomas.oakes/Documents/FPGA/InterruptsNIOS_bsp/\libhal_bsp.a(alt_alarm_start.o)
 .debug_abbrev  0x00000000000018ad      0x11f C:/Users/thomas.oakes/Documents/FPGA/InterruptsNIOS_bsp/\libhal_bsp.a(alt_close.o)
 .debug_abbrev  0x00000000000019cc       0x42 C:/Users/thomas.oakes/Documents/FPGA/InterruptsNIOS_bsp/\libhal_bsp.a(alt_dcache_flush_all.o)
 .debug_abbrev  0x0000000000001a0e       0xd9 C:/Users/thomas.oakes/Documents/FPGA/InterruptsNIOS_bsp/\libhal_bsp.a(alt_dev.o)
 .debug_abbrev  0x0000000000001ae7      0x114 C:/Users/thomas.oakes/Documents/FPGA/InterruptsNIOS_bsp/\libhal_bsp.a(alt_dev_llist_insert.o)
 .debug_abbrev  0x0000000000001bfb       0x79 C:/Users/thomas.oakes/Documents/FPGA/InterruptsNIOS_bsp/\libhal_bsp.a(alt_do_ctors.o)
 .debug_abbrev  0x0000000000001c74       0x79 C:/Users/thomas.oakes/Documents/FPGA/InterruptsNIOS_bsp/\libhal_bsp.a(alt_do_dtors.o)
 .debug_abbrev  0x0000000000001ced       0x5a C:/Users/thomas.oakes/Documents/FPGA/InterruptsNIOS_bsp/\libhal_bsp.a(alt_errno.o)
 .debug_abbrev  0x0000000000001d47       0xf0 C:/Users/thomas.oakes/Documents/FPGA/InterruptsNIOS_bsp/\libhal_bsp.a(alt_find_dev.o)
 .debug_abbrev  0x0000000000001e37       0x42 C:/Users/thomas.oakes/Documents/FPGA/InterruptsNIOS_bsp/\libhal_bsp.a(alt_icache_flush_all.o)
 .debug_abbrev  0x0000000000001e79      0x114 C:/Users/thomas.oakes/Documents/FPGA/InterruptsNIOS_bsp/\libhal_bsp.a(alt_io_redirect.o)
 .debug_abbrev  0x0000000000001f8d       0x12 C:/Users/thomas.oakes/Documents/FPGA/InterruptsNIOS_bsp/\libhal_bsp.a(alt_irq_entry.o)
 .debug_abbrev  0x0000000000001f9f      0x13a C:/Users/thomas.oakes/Documents/FPGA/InterruptsNIOS_bsp/\libhal_bsp.a(alt_irq_handler.o)
 .debug_abbrev  0x00000000000020d9      0x148 C:/Users/thomas.oakes/Documents/FPGA/InterruptsNIOS_bsp/\libhal_bsp.a(alt_open.o)
 .debug_abbrev  0x0000000000002221       0xde C:/Users/thomas.oakes/Documents/FPGA/InterruptsNIOS_bsp/\libhal_bsp.a(alt_release_fd.o)
 .debug_abbrev  0x00000000000022ff      0x16b C:/Users/thomas.oakes/Documents/FPGA/InterruptsNIOS_bsp/\libhal_bsp.a(alt_tick.o)
 .debug_abbrev  0x000000000000246a       0x67 C:/Users/thomas.oakes/Documents/FPGA/InterruptsNIOS_bsp/\libhal_bsp.a(altera_nios2_gen2_irq.o)
 .debug_abbrev  0x00000000000024d1       0x12 C:/Users/thomas.oakes/Documents/FPGA/InterruptsNIOS_bsp/\libhal_bsp.a(alt_exception_entry.o)
 .debug_abbrev  0x00000000000024e3       0xf0 C:/Users/thomas.oakes/Documents/FPGA/InterruptsNIOS_bsp/\libhal_bsp.a(alt_find_file.o)
 .debug_abbrev  0x00000000000025d3      0x10d C:/Users/thomas.oakes/Documents/FPGA/InterruptsNIOS_bsp/\libhal_bsp.a(alt_get_fd.o)
 .debug_abbrev  0x00000000000026e0       0x8c C:/Users/thomas.oakes/Documents/FPGA/InterruptsNIOS_bsp/\libhal_bsp.a(alt_icache_flush.o)
 .debug_abbrev  0x000000000000276c       0xdc C:/Users/thomas.oakes/Documents/FPGA/InterruptsNIOS_bsp/\libhal_bsp.a(alt_instruction_exception_entry.o)
 .debug_abbrev  0x0000000000002848       0xaa c:/altera/16.0/nios2eds/bin/gnu/h-x86_64-mingw32/bin/../lib/gcc/nios2-elf/5.2.0/../../../../../H-x86_64-mingw32/nios2-elf/lib/mhw-mulx\libc.a(lib_a-atexit.o)
 .debug_abbrev  0x00000000000028f2      0x1e5 c:/altera/16.0/nios2eds/bin/gnu/h-x86_64-mingw32/bin/../lib/gcc/nios2-elf/5.2.0/../../../../../H-x86_64-mingw32/nios2-elf/lib/mhw-mulx\libc.a(lib_a-exit.o)
 .debug_abbrev  0x0000000000002ad7      0x18f c:/altera/16.0/nios2eds/bin/gnu/h-x86_64-mingw32/bin/../lib/gcc/nios2-elf/5.2.0/../../../../../H-x86_64-mingw32/nios2-elf/lib/mhw-mulx\libc.a(lib_a-impure.o)
 .debug_abbrev  0x0000000000002c66       0x37 c:/altera/16.0/nios2eds/bin/gnu/h-x86_64-mingw32/bin/../lib/gcc/nios2-elf/5.2.0/../../../../../H-x86_64-mingw32/nios2-elf/lib/mhw-mulx\libc.a(lib_a-int_errno.o)
 .debug_abbrev  0x0000000000002c9d       0x7f c:/altera/16.0/nios2eds/bin/gnu/h-x86_64-mingw32/bin/../lib/gcc/nios2-elf/5.2.0/../../../../../H-x86_64-mingw32/nios2-elf/lib/mhw-mulx\libc.a(lib_a-memcmp.o)
 .debug_abbrev  0x0000000000002d1c       0x90 c:/altera/16.0/nios2eds/bin/gnu/h-x86_64-mingw32/bin/../lib/gcc/nios2-elf/5.2.0/../../../../../H-x86_64-mingw32/nios2-elf/lib/mhw-mulx\libc.a(lib_a-strlen.o)
 .debug_abbrev  0x0000000000002dac      0x21e c:/altera/16.0/nios2eds/bin/gnu/h-x86_64-mingw32/bin/../lib/gcc/nios2-elf/5.2.0/../../../../../H-x86_64-mingw32/nios2-elf/lib/mhw-mulx\libc.a(lib_a-__atexit.o)
 .debug_abbrev  0x0000000000002fca      0x22e c:/altera/16.0/nios2eds/bin/gnu/h-x86_64-mingw32/bin/../lib/gcc/nios2-elf/5.2.0/../../../../../H-x86_64-mingw32/nios2-elf/lib/mhw-mulx\libc.a(lib_a-__call_atexit.o)
 .debug_abbrev  0x00000000000031f8       0xd0 C:/Users/thomas.oakes/Documents/FPGA/InterruptsNIOS_bsp/\libhal_bsp.a(alt_exit.o)

.debug_line     0x0000000000000000     0x371b
 *(.debug_line)
 .debug_line    0x0000000000000000       0x6c C:/Users/thomas.oakes/Documents/FPGA/InterruptsNIOS_bsp//obj/HAL/src/crt0.o
 .debug_line    0x000000000000006c       0x8f obj/default/HexDisplay.o
 .debug_line    0x00000000000000fb       0x9a obj/default/InterruptDemo.o
 .debug_line    0x0000000000000195       0x91 obj/default/buttonISR.o
 .debug_line    0x0000000000000226       0x52 obj/default/lcd.o
 .debug_line    0x0000000000000278      0x149 obj/default/seven_seg_bcd.o
 .debug_line    0x00000000000003c1       0xc0 obj/default/seven_seg_hex.o
 .debug_line    0x0000000000000481       0x92 obj/default/timerISR.o
 .debug_line    0x0000000000000513      0x18c c:/altera/16.0/nios2eds/bin/gnu/h-x86_64-mingw32/bin/../lib/gcc/nios2-elf/5.2.0/../../../../../H-x86_64-mingw32/nios2-elf/lib/mhw-mulx\libc.a(lib_a-memcpy.o)
 .debug_line    0x000000000000069f      0x159 C:/Users/thomas.oakes/Documents/FPGA/InterruptsNIOS_bsp/\libhal_bsp.a(alt_irq_register.o)
 .debug_line    0x00000000000007f8       0x50 C:/Users/thomas.oakes/Documents/FPGA/InterruptsNIOS_bsp/\libhal_bsp.a(alt_irq_vars.o)
 .debug_line    0x0000000000000848       0x8e C:/Users/thomas.oakes/Documents/FPGA/InterruptsNIOS_bsp/\libhal_bsp.a(alt_load.o)
 .debug_line    0x00000000000008d6       0xd1 C:/Users/thomas.oakes/Documents/FPGA/InterruptsNIOS_bsp/\libhal_bsp.a(alt_main.o)
 .debug_line    0x00000000000009a7      0x2f2 C:/Users/thomas.oakes/Documents/FPGA/InterruptsNIOS_bsp/\libhal_bsp.a(alt_sys_init.o)
 .debug_line    0x0000000000000c99      0x12f C:/Users/thomas.oakes/Documents/FPGA/InterruptsNIOS_bsp/\libhal_bsp.a(altera_avalon_jtag_uart_fd.o)
 .debug_line    0x0000000000000dc8      0x19f C:/Users/thomas.oakes/Documents/FPGA/InterruptsNIOS_bsp/\libhal_bsp.a(altera_avalon_jtag_uart_init.o)
 .debug_line    0x0000000000000f67      0x131 C:/Users/thomas.oakes/Documents/FPGA/InterruptsNIOS_bsp/\libhal_bsp.a(altera_avalon_jtag_uart_ioctl.o)
 .debug_line    0x0000000000001098      0x185 C:/Users/thomas.oakes/Documents/FPGA/InterruptsNIOS_bsp/\libhal_bsp.a(altera_avalon_jtag_uart_read.o)
 .debug_line    0x000000000000121d      0x184 C:/Users/thomas.oakes/Documents/FPGA/InterruptsNIOS_bsp/\libhal_bsp.a(altera_avalon_jtag_uart_write.o)
 .debug_line    0x00000000000013a1      0x113 C:/Users/thomas.oakes/Documents/FPGA/InterruptsNIOS_bsp/\libhal_bsp.a(altera_avalon_timer_sc.o)
 .debug_line    0x00000000000014b4      0x1c4 C:/Users/thomas.oakes/Documents/FPGA/InterruptsNIOS_bsp/\libhal_bsp.a(altera_up_avalon_character_lcd.o)
 .debug_line    0x0000000000001678      0x13d C:/Users/thomas.oakes/Documents/FPGA/InterruptsNIOS_bsp/\libhal_bsp.a(altera_up_avalon_irda.o)
 .debug_line    0x00000000000017b5      0x1a6 C:/Users/thomas.oakes/Documents/FPGA/InterruptsNIOS_bsp/\libhal_bsp.a(altera_up_avalon_ps2.o)
 .debug_line    0x000000000000195b      0x13f C:/Users/thomas.oakes/Documents/FPGA/InterruptsNIOS_bsp/\libhal_bsp.a(altera_up_avalon_rs232.o)
 .debug_line    0x0000000000001a9a      0x10e C:/Users/thomas.oakes/Documents/FPGA/InterruptsNIOS_bsp/\libhal_bsp.a(alt_alarm_start.o)
 .debug_line    0x0000000000001ba8      0x15e C:/Users/thomas.oakes/Documents/FPGA/InterruptsNIOS_bsp/\libhal_bsp.a(alt_close.o)
 .debug_line    0x0000000000001d06       0x51 C:/Users/thomas.oakes/Documents/FPGA/InterruptsNIOS_bsp/\libhal_bsp.a(alt_dcache_flush_all.o)
 .debug_line    0x0000000000001d57       0xf0 C:/Users/thomas.oakes/Documents/FPGA/InterruptsNIOS_bsp/\libhal_bsp.a(alt_dev.o)
 .debug_line    0x0000000000001e47       0xd0 C:/Users/thomas.oakes/Documents/FPGA/InterruptsNIOS_bsp/\libhal_bsp.a(alt_dev_llist_insert.o)
 .debug_line    0x0000000000001f17       0x59 C:/Users/thomas.oakes/Documents/FPGA/InterruptsNIOS_bsp/\libhal_bsp.a(alt_do_ctors.o)
 .debug_line    0x0000000000001f70       0x59 C:/Users/thomas.oakes/Documents/FPGA/InterruptsNIOS_bsp/\libhal_bsp.a(alt_do_dtors.o)
 .debug_line    0x0000000000001fc9       0x51 C:/Users/thomas.oakes/Documents/FPGA/InterruptsNIOS_bsp/\libhal_bsp.a(alt_errno.o)
 .debug_line    0x000000000000201a       0xb5 C:/Users/thomas.oakes/Documents/FPGA/InterruptsNIOS_bsp/\libhal_bsp.a(alt_find_dev.o)
 .debug_line    0x00000000000020cf       0x50 C:/Users/thomas.oakes/Documents/FPGA/InterruptsNIOS_bsp/\libhal_bsp.a(alt_icache_flush_all.o)
 .debug_line    0x000000000000211f      0x12b C:/Users/thomas.oakes/Documents/FPGA/InterruptsNIOS_bsp/\libhal_bsp.a(alt_io_redirect.o)
 .debug_line    0x000000000000224a       0x6b C:/Users/thomas.oakes/Documents/FPGA/InterruptsNIOS_bsp/\libhal_bsp.a(alt_irq_entry.o)
 .debug_line    0x00000000000022b5       0xcd C:/Users/thomas.oakes/Documents/FPGA/InterruptsNIOS_bsp/\libhal_bsp.a(alt_irq_handler.o)
 .debug_line    0x0000000000002382      0x12a C:/Users/thomas.oakes/Documents/FPGA/InterruptsNIOS_bsp/\libhal_bsp.a(alt_open.o)
 .debug_line    0x00000000000024ac       0xae C:/Users/thomas.oakes/Documents/FPGA/InterruptsNIOS_bsp/\libhal_bsp.a(alt_release_fd.o)
 .debug_line    0x000000000000255a      0x113 C:/Users/thomas.oakes/Documents/FPGA/InterruptsNIOS_bsp/\libhal_bsp.a(alt_tick.o)
 .debug_line    0x000000000000266d       0x8d C:/Users/thomas.oakes/Documents/FPGA/InterruptsNIOS_bsp/\libhal_bsp.a(altera_nios2_gen2_irq.o)
 .debug_line    0x00000000000026fa       0xb3 C:/Users/thomas.oakes/Documents/FPGA/InterruptsNIOS_bsp/\libhal_bsp.a(alt_exception_entry.o)
 .debug_line    0x00000000000027ad       0xd1 C:/Users/thomas.oakes/Documents/FPGA/InterruptsNIOS_bsp/\libhal_bsp.a(alt_find_file.o)
 .debug_line    0x000000000000287e       0xd5 C:/Users/thomas.oakes/Documents/FPGA/InterruptsNIOS_bsp/\libhal_bsp.a(alt_get_fd.o)
 .debug_line    0x0000000000002953       0x81 C:/Users/thomas.oakes/Documents/FPGA/InterruptsNIOS_bsp/\libhal_bsp.a(alt_icache_flush.o)
 .debug_line    0x00000000000029d4       0xba C:/Users/thomas.oakes/Documents/FPGA/InterruptsNIOS_bsp/\libhal_bsp.a(alt_instruction_exception_entry.o)
 .debug_line    0x0000000000002a8e       0xe7 c:/altera/16.0/nios2eds/bin/gnu/h-x86_64-mingw32/bin/../lib/gcc/nios2-elf/5.2.0/../../../../../H-x86_64-mingw32/nios2-elf/lib/mhw-mulx\libc.a(lib_a-atexit.o)
 .debug_line    0x0000000000002b75      0x1fc c:/altera/16.0/nios2eds/bin/gnu/h-x86_64-mingw32/bin/../lib/gcc/nios2-elf/5.2.0/../../../../../H-x86_64-mingw32/nios2-elf/lib/mhw-mulx\libc.a(lib_a-exit.o)
 .debug_line    0x0000000000002d71      0x160 c:/altera/16.0/nios2eds/bin/gnu/h-x86_64-mingw32/bin/../lib/gcc/nios2-elf/5.2.0/../../../../../H-x86_64-mingw32/nios2-elf/lib/mhw-mulx\libc.a(lib_a-impure.o)
 .debug_line    0x0000000000002ed1       0x5f c:/altera/16.0/nios2eds/bin/gnu/h-x86_64-mingw32/bin/../lib/gcc/nios2-elf/5.2.0/../../../../../H-x86_64-mingw32/nios2-elf/lib/mhw-mulx\libc.a(lib_a-int_errno.o)
 .debug_line    0x0000000000002f30      0x176 c:/altera/16.0/nios2eds/bin/gnu/h-x86_64-mingw32/bin/../lib/gcc/nios2-elf/5.2.0/../../../../../H-x86_64-mingw32/nios2-elf/lib/mhw-mulx\libc.a(lib_a-memcmp.o)
 .debug_line    0x00000000000030a6      0x16f c:/altera/16.0/nios2eds/bin/gnu/h-x86_64-mingw32/bin/../lib/gcc/nios2-elf/5.2.0/../../../../../H-x86_64-mingw32/nios2-elf/lib/mhw-mulx\libc.a(lib_a-strlen.o)
 .debug_line    0x0000000000003215      0x21f c:/altera/16.0/nios2eds/bin/gnu/h-x86_64-mingw32/bin/../lib/gcc/nios2-elf/5.2.0/../../../../../H-x86_64-mingw32/nios2-elf/lib/mhw-mulx\libc.a(lib_a-__atexit.o)
 .debug_line    0x0000000000003434      0x23a c:/altera/16.0/nios2eds/bin/gnu/h-x86_64-mingw32/bin/../lib/gcc/nios2-elf/5.2.0/../../../../../H-x86_64-mingw32/nios2-elf/lib/mhw-mulx\libc.a(lib_a-__call_atexit.o)
 .debug_line    0x000000000000366e       0xad C:/Users/thomas.oakes/Documents/FPGA/InterruptsNIOS_bsp/\libhal_bsp.a(alt_exit.o)

.debug_frame    0x0000000000000000     0x13b8
 *(.debug_frame)
 .debug_frame   0x0000000000000000       0x38 obj/default/HexDisplay.o
 .debug_frame   0x0000000000000038       0x2c obj/default/InterruptDemo.o
 .debug_frame   0x0000000000000064       0x34 obj/default/buttonISR.o
 .debug_frame   0x0000000000000098       0x7c obj/default/lcd.o
 .debug_frame   0x0000000000000114       0x34 obj/default/seven_seg_bcd.o
 .debug_frame   0x0000000000000148       0x38 obj/default/seven_seg_hex.o
 .debug_frame   0x0000000000000180       0x38 obj/default/timerISR.o
 .debug_frame   0x00000000000001b8       0x38 c:/altera/16.0/nios2eds/bin/gnu/h-x86_64-mingw32/bin/../lib/gcc/nios2-elf/5.2.0/../../../../../H-x86_64-mingw32/nios2-elf/lib/mhw-mulx\libc.a(lib_a-memcpy.o)
 .debug_frame   0x00000000000001f0       0x34 C:/Users/thomas.oakes/Documents/FPGA/InterruptsNIOS_bsp/\libhal_bsp.a(alt_irq_register.o)
 .debug_frame   0x0000000000000224       0x5c C:/Users/thomas.oakes/Documents/FPGA/InterruptsNIOS_bsp/\libhal_bsp.a(alt_load.o)
 .debug_frame   0x0000000000000280       0x2c C:/Users/thomas.oakes/Documents/FPGA/InterruptsNIOS_bsp/\libhal_bsp.a(alt_main.o)
 .debug_frame   0x00000000000002ac       0x88 C:/Users/thomas.oakes/Documents/FPGA/InterruptsNIOS_bsp/\libhal_bsp.a(alt_sys_init.o)
 .debug_frame   0x0000000000000334       0xb0 C:/Users/thomas.oakes/Documents/FPGA/InterruptsNIOS_bsp/\libhal_bsp.a(altera_avalon_jtag_uart_fd.o)
 .debug_frame   0x00000000000003e4       0xa4 C:/Users/thomas.oakes/Documents/FPGA/InterruptsNIOS_bsp/\libhal_bsp.a(altera_avalon_jtag_uart_init.o)
 .debug_frame   0x0000000000000488       0x34 C:/Users/thomas.oakes/Documents/FPGA/InterruptsNIOS_bsp/\libhal_bsp.a(altera_avalon_jtag_uart_ioctl.o)
 .debug_frame   0x00000000000004bc       0x38 C:/Users/thomas.oakes/Documents/FPGA/InterruptsNIOS_bsp/\libhal_bsp.a(altera_avalon_jtag_uart_read.o)
 .debug_frame   0x00000000000004f4       0x38 C:/Users/thomas.oakes/Documents/FPGA/InterruptsNIOS_bsp/\libhal_bsp.a(altera_avalon_jtag_uart_write.o)
 .debug_frame   0x000000000000052c       0x60 C:/Users/thomas.oakes/Documents/FPGA/InterruptsNIOS_bsp/\libhal_bsp.a(altera_avalon_timer_sc.o)
 .debug_frame   0x000000000000058c      0x204 C:/Users/thomas.oakes/Documents/FPGA/InterruptsNIOS_bsp/\libhal_bsp.a(altera_up_avalon_character_lcd.o)
 .debug_frame   0x0000000000000790      0x188 C:/Users/thomas.oakes/Documents/FPGA/InterruptsNIOS_bsp/\libhal_bsp.a(altera_up_avalon_irda.o)
 .debug_frame   0x0000000000000918      0x2c0 C:/Users/thomas.oakes/Documents/FPGA/InterruptsNIOS_bsp/\libhal_bsp.a(altera_up_avalon_ps2.o)
 .debug_frame   0x0000000000000bd8      0x188 C:/Users/thomas.oakes/Documents/FPGA/InterruptsNIOS_bsp/\libhal_bsp.a(altera_up_avalon_rs232.o)
 .debug_frame   0x0000000000000d60       0x34 C:/Users/thomas.oakes/Documents/FPGA/InterruptsNIOS_bsp/\libhal_bsp.a(alt_alarm_start.o)
 .debug_frame   0x0000000000000d94       0x60 C:/Users/thomas.oakes/Documents/FPGA/InterruptsNIOS_bsp/\libhal_bsp.a(alt_close.o)
 .debug_frame   0x0000000000000df4       0x34 C:/Users/thomas.oakes/Documents/FPGA/InterruptsNIOS_bsp/\libhal_bsp.a(alt_dcache_flush_all.o)
 .debug_frame   0x0000000000000e28       0x34 C:/Users/thomas.oakes/Documents/FPGA/InterruptsNIOS_bsp/\libhal_bsp.a(alt_dev.o)
 .debug_frame   0x0000000000000e5c       0x60 C:/Users/thomas.oakes/Documents/FPGA/InterruptsNIOS_bsp/\libhal_bsp.a(alt_dev_llist_insert.o)
 .debug_frame   0x0000000000000ebc       0x38 C:/Users/thomas.oakes/Documents/FPGA/InterruptsNIOS_bsp/\libhal_bsp.a(alt_do_ctors.o)
 .debug_frame   0x0000000000000ef4       0x38 C:/Users/thomas.oakes/Documents/FPGA/InterruptsNIOS_bsp/\libhal_bsp.a(alt_do_dtors.o)
 .debug_frame   0x0000000000000f2c       0x38 C:/Users/thomas.oakes/Documents/FPGA/InterruptsNIOS_bsp/\libhal_bsp.a(alt_find_dev.o)
 .debug_frame   0x0000000000000f64       0x38 C:/Users/thomas.oakes/Documents/FPGA/InterruptsNIOS_bsp/\libhal_bsp.a(alt_icache_flush_all.o)
 .debug_frame   0x0000000000000f9c       0x60 C:/Users/thomas.oakes/Documents/FPGA/InterruptsNIOS_bsp/\libhal_bsp.a(alt_io_redirect.o)
 .debug_frame   0x0000000000000ffc       0x38 C:/Users/thomas.oakes/Documents/FPGA/InterruptsNIOS_bsp/\libhal_bsp.a(alt_irq_handler.o)
 .debug_frame   0x0000000000001034       0x84 C:/Users/thomas.oakes/Documents/FPGA/InterruptsNIOS_bsp/\libhal_bsp.a(alt_open.o)
 .debug_frame   0x00000000000010b8       0x34 C:/Users/thomas.oakes/Documents/FPGA/InterruptsNIOS_bsp/\libhal_bsp.a(alt_release_fd.o)
 .debug_frame   0x00000000000010ec       0x5c C:/Users/thomas.oakes/Documents/FPGA/InterruptsNIOS_bsp/\libhal_bsp.a(alt_tick.o)
 .debug_frame   0x0000000000001148       0x34 C:/Users/thomas.oakes/Documents/FPGA/InterruptsNIOS_bsp/\libhal_bsp.a(altera_nios2_gen2_irq.o)
 .debug_frame   0x000000000000117c       0x38 C:/Users/thomas.oakes/Documents/FPGA/InterruptsNIOS_bsp/\libhal_bsp.a(alt_find_file.o)
 .debug_frame   0x00000000000011b4       0x34 C:/Users/thomas.oakes/Documents/FPGA/InterruptsNIOS_bsp/\libhal_bsp.a(alt_get_fd.o)
 .debug_frame   0x00000000000011e8       0x34 C:/Users/thomas.oakes/Documents/FPGA/InterruptsNIOS_bsp/\libhal_bsp.a(alt_icache_flush.o)
 .debug_frame   0x000000000000121c       0x5c C:/Users/thomas.oakes/Documents/FPGA/InterruptsNIOS_bsp/\libhal_bsp.a(alt_instruction_exception_entry.o)
 .debug_frame   0x0000000000001278       0x20 c:/altera/16.0/nios2eds/bin/gnu/h-x86_64-mingw32/bin/../lib/gcc/nios2-elf/5.2.0/../../../../../H-x86_64-mingw32/nios2-elf/lib/mhw-mulx\libc.a(lib_a-atexit.o)
 .debug_frame   0x0000000000001298       0x28 c:/altera/16.0/nios2eds/bin/gnu/h-x86_64-mingw32/bin/../lib/gcc/nios2-elf/5.2.0/../../../../../H-x86_64-mingw32/nios2-elf/lib/mhw-mulx\libc.a(lib_a-exit.o)
 .debug_frame   0x00000000000012c0       0x20 c:/altera/16.0/nios2eds/bin/gnu/h-x86_64-mingw32/bin/../lib/gcc/nios2-elf/5.2.0/../../../../../H-x86_64-mingw32/nios2-elf/lib/mhw-mulx\libc.a(lib_a-memcmp.o)
 .debug_frame   0x00000000000012e0       0x20 c:/altera/16.0/nios2eds/bin/gnu/h-x86_64-mingw32/bin/../lib/gcc/nios2-elf/5.2.0/../../../../../H-x86_64-mingw32/nios2-elf/lib/mhw-mulx\libc.a(lib_a-strlen.o)